00:00 +0: loading C:/Projects/VeraProb/test/application/adapters/realtime_data_provider_test.dart
00:00 +0: C:/Projects/VeraProb/test/application/adapters/realtime_data_provider_test.dart: RealtimeDataProvider onPayloadReceived ignores empty payload
00:00 +1: C:/Projects/VeraProb/test/application/adapters/realtime_data_provider_test.dart: RealtimeDataProvider onPayloadReceived parses and buffers position successfully
[TELEMETRY] Payload received | trip=trip1 | buffer=1 vehicles
00:00 +2: C:/Projects/VeraProb/test/application/adapters/realtime_data_provider_test.dart: RealtimeDataProvider onPayloadReceived swallows parsing errors gently
[TELEMETRY] Error parsing payload: type 'String' is not a subtype of type 'num' in type cast
00:00 +3: C:/Projects/VeraProb/test/application/admin/accept_invitation_handler_test.dart: (setUpAll)
00:00 +3: C:/Projects/VeraProb/test/application/admin/accept_invitation_handler_test.dart: AcceptInvitationHandler Token vazio lan├ºa DomainException sem chamar RPC
00:00 +4: C:/Projects/VeraProb/test/application/admin/accept_invitation_handler_test.dart: AcceptInvitationHandler UserId vazio lan├ºa DomainException sem chamar RPC
00:00 +5: C:/Projects/VeraProb/test/application/admin/accept_invitation_handler_test.dart: AcceptInvitationHandler Token e userId v├ílidos delegam para commandService
00:00 +6: C:/Projects/VeraProb/test/application/admin/accept_invitation_handler_test.dart: (tearDownAll)
00:00 +6: C:/Projects/VeraProb/test/application/admin/change_user_role_handler_test.dart: (setUpAll)
00:00 +6: C:/Projects/VeraProb/test/application/admin/change_user_role_handler_test.dart: ChangeUserRoleHandler Rejeita n├úo-admin (operator/auditor)
00:00 +7: C:/Projects/VeraProb/test/application/admin/change_user_role_handler_test.dart: ChangeUserRoleHandler Passa para admin v├ílido
00:00 +8: C:/Projects/VeraProb/test/application/admin/change_user_role_handler_test.dart: (tearDownAll)
00:01 +8: C:/Projects/VeraProb/test/application/admin/invite_user_handler_test.dart: (setUpAll)
00:01 +8: C:/Projects/VeraProb/test/application/admin/invite_user_handler_test.dart: InviteUserHandler Rejeita operator ÔÇö n├úo tem canInviteUsers
00:01 +9: C:/Projects/VeraProb/test/application/admin/invite_user_handler_test.dart: InviteUserHandler Rejeita auditor ÔÇö n├úo tem canInviteUsers
00:01 +10: C:/Projects/VeraProb/test/application/admin/invite_user_handler_test.dart: InviteUserHandler Rejeita email sem @
00:01 +11: C:/Projects/VeraProb/test/application/admin/invite_user_handler_test.dart: InviteUserHandler Rejeita email em branco
00:01 +12: C:/Projects/VeraProb/test/application/admin/invite_user_handler_test.dart: InviteUserHandler Admin convida com sucesso ÔÇö retorna token n├úo-vazio
00:01 +13: C:/Projects/VeraProb/test/application/admin/invite_user_handler_test.dart: InviteUserHandler Tokens gerados em duas invoca├º├Áes s├úo distintos
00:01 +14: C:/Projects/VeraProb/test/application/admin/invite_user_handler_test.dart: InviteUserHandler Email ├® normalizado para lowercase
00:01 +15: C:/Projects/VeraProb/test/application/admin/invite_user_handler_test.dart: (tearDownAll)
00:01 +15: C:/Projects/VeraProb/test/application/admin/remove_member_handler_test.dart: RemoveMemberHandler Rejeita n├úo-admin (operator/auditor)
00:01 +16: C:/Projects/VeraProb/test/application/admin/remove_member_handler_test.dart: RemoveMemberHandler Rejeita remo├º├úo do ├║ltimo admin
00:01 +17: C:/Projects/VeraProb/test/application/admin/remove_member_handler_test.dart: RemoveMemberHandler Passa quando ÔëÑ 1 admin restante
00:01 +18: C:/Projects/VeraProb/test/application/admin/remove_member_handler_test.dart: RemoveMemberHandler Erro quando membro n├úo encontrado
00:01 +19: C:/Projects/VeraProb/test/application/admin/revoke_invitation_handler_test.dart: (setUpAll)
00:01 +19: C:/Projects/VeraProb/test/application/admin/revoke_invitation_handler_test.dart: RevokeInvitationHandler Rejeita operator ÔÇö n├úo tem canManageUsers
00:01 +20: C:/Projects/VeraProb/test/application/admin/revoke_invitation_handler_test.dart: RevokeInvitationHandler Rejeita auditor ÔÇö n├úo tem canManageUsers
00:01 +21: C:/Projects/VeraProb/test/application/admin/revoke_invitation_handler_test.dart: RevokeInvitationHandler Admin revoga com sucesso ÔÇö delega para commandService
00:01 +22: C:/Projects/VeraProb/test/application/admin/revoke_invitation_handler_test.dart: (tearDownAll)
00:01 +22: C:/Projects/VeraProb/test/application/admin/update_org_settings_handler_test.dart: (setUpAll)
00:02 +22: C:/Projects/VeraProb/test/application/admin/update_org_settings_handler_test.dart: UpdateOrgSettingsHandler Rejeita operator/auditor
00:02 +23: C:/Projects/VeraProb/test/application/admin/update_org_settings_handler_test.dart: UpdateOrgSettingsHandler Passa para admin com args corretos
00:02 +24: C:/Projects/VeraProb/test/application/admin/update_org_settings_handler_test.dart: UpdateOrgSettingsHandler Erro quando organiza├º├úo n├úo existe
00:02 +25: C:/Projects/VeraProb/test/application/admin/update_org_settings_handler_test.dart: (tearDownAll)
00:02 +25: C:/Projects/VeraProb/test/application/audit/audit_service_test.dart: InMemoryAuditService logAction records securely and chronologically
2026-03-19T17:27:52.100858 [Audit] [AUDIT] Action: RESOLVE_ALERT by Operator: op1 on Entity: e1. From: PENDING -> To: RESOLVED. Reason: Test action
00:02 +26: C:/Projects/VeraProb/test/application/audit/audit_service_test.dart: InMemoryAuditService getLogsForEntity filters properly and sorts latest first
2026-03-19T17:27:52.116101 [Audit] [AUDIT] Action: A1 by Operator: op1 on Entity: e1. From: null -> To: null. Reason: null
2026-03-19T17:27:52.128401 [Audit] [AUDIT] Action: A2 by Operator: op1 on Entity: e1. From: null -> To: null. Reason: null
2026-03-19T17:27:52.129835 [Audit] [AUDIT] Action: A3 by Operator: op1 on Entity: e2. From: null -> To: null. Reason: null
00:02 +27: C:/Projects/VeraProb/test/application/audit/audit_service_test.dart: InMemoryAuditService getRecentLogs limits by parameters
2026-03-19T17:27:52.135750 [Audit] [AUDIT] Action: A0 by Operator: op1 on Entity: e1. From: null -> To: null. Reason: null
2026-03-19T17:27:52.135750 [Audit] [AUDIT] Action: A1 by Operator: op1 on Entity: e1. From: null -> To: null. Reason: null
2026-03-19T17:27:52.135750 [Audit] [AUDIT] Action: A2 by Operator: op1 on Entity: e1. From: null -> To: null. Reason: null
2026-03-19T17:27:52.136711 [Audit] [AUDIT] Action: A3 by Operator: op1 on Entity: e1. From: null -> To: null. Reason: null
2026-03-19T17:27:52.136711 [Audit] [AUDIT] Action: A4 by Operator: op1 on Entity: e1. From: null -> To: null. Reason: null
2026-03-19T17:27:52.136711 [Audit] [AUDIT] Action: A5 by Operator: op1 on Entity: e1. From: null -> To: null. Reason: null
2026-03-19T17:27:52.136711 [Audit] [AUDIT] Action: A6 by Operator: op1 on Entity: e1. From: null -> To: null. Reason: null
2026-03-19T17:27:52.136711 [Audit] [AUDIT] Action: A7 by Operator: op1 on Entity: e1. From: null -> To: null. Reason: null
2026-03-19T17:27:52.136711 [Audit] [AUDIT] Action: A8 by Operator: op1 on Entity: e1. From: null -> To: null. Reason: null
2026-03-19T17:27:52.136711 [Audit] [AUDIT] Action: A9 by Operator: op1 on Entity: e1. From: null -> To: null. Reason: null
00:02 +28: C:/Projects/VeraProb/test/application/intelligence/detectors/delay_detector_test.dart: DelayDetector Rules canDetect is true for active or scheduled trips
00:02 +29: C:/Projects/VeraProb/test/application/intelligence/detectors/delay_detector_test.dart: DelayDetector Rules evaluate returns null for delay < 3 minutes
00:02 +30: C:/Projects/VeraProb/test/application/intelligence/detectors/delay_detector_test.dart: DelayDetector Rules evaluate returns risk warning for delay between 3 and 9 minutes
00:02 +31: C:/Projects/VeraProb/test/application/intelligence/detectors/delay_detector_test.dart: DelayDetector Rules evaluate returns critical warning for delay >= 10 minutes
00:02 +32: C:/Projects/VeraProb/test/application/intelligence/detectors/stopped_vehicle_detector_test.dart: StoppedVehicleDetector Rules canDetect is true only for active trips
00:02 +33: C:/Projects/VeraProb/test/application/intelligence/detectors/stopped_vehicle_detector_test.dart: StoppedVehicleDetector Rules evaluate returns severe warning for interrupted trips
00:02 +34: C:/Projects/VeraProb/test/application/intelligence/detectors/stopped_vehicle_detector_test.dart: StoppedVehicleDetector Rules evaluate returns null for normally flowing trips
00:03 +35: C:/Projects/VeraProb/test/application/intelligence/situation_engine_test.dart: SituationEngine (The Brain) Rules Trip with multiple problems sums severity up to a cap (100)
00:03 +36: C:/Projects/VeraProb/test/application/intelligence/situation_engine_test.dart: SituationEngine (The Brain) Rules Severity is capped at 100 even with extreme anomalies
00:03 +37: C:/Projects/VeraProb/test/application/intelligence/situation_engine_test.dart: SituationEngine (The Brain) Rules Normal trips have 0 severity and no warnings
00:03 +38: C:/Projects/VeraProb/test/application/intelligence/situation_engine_test.dart: SituationEngine (The Brain) Rules If problem is resolved, severity resets to 0
00:03 +39: C:/Projects/VeraProb/test/application/intelligence/suggestion_engine_test.dart: SuggestionEngine Rules Trip without attention required returns null suggestion
00:03 +40: C:/Projects/VeraProb/test/application/intelligence/suggestion_engine_test.dart: SuggestionEngine Rules Returns Cancellation suggestion for stopped vehicle
00:03 +41: C:/Projects/VeraProb/test/application/intelligence/suggestion_engine_test.dart: SuggestionEngine Rules Returns Interruption suggestion for critical delay
00:03 +42: C:/Projects/VeraProb/test/application/intelligence/suggestion_engine_test.dart: SuggestionEngine Rules Returns Regularization suggestion for simple delay
00:04 +43: C:/Projects/VeraProb/test/application/intelligence/telemetry_normalizer_test.dart: TelemetryNormalizer (The Purgatory) Discards ping with terrible accuracy
00:04 +44: C:/Projects/VeraProb/test/application/intelligence/telemetry_normalizer_test.dart: TelemetryNormalizer (The Purgatory) Accepts first good ping
00:04 +45: C:/Projects/VeraProb/test/application/intelligence/telemetry_normalizer_test.dart: TelemetryNormalizer (The Purgatory) Discards ping implying impossible speed jump (Haversine jump)
00:04 +46: C:/Projects/VeraProb/test/application/intelligence/telemetry_normalizer_test.dart: TelemetryNormalizer (The Purgatory) Accepts valid sequential pings
00:04 +47: C:/Projects/VeraProb/test/application/intelligence/telemetry_normalizer_test.dart: TelemetryNormalizer (The Purgatory) QA M├│dulo 15 - Rejects time-travel glitch (moved 100m in 0 seconds)
00:04 +48: C:/Projects/VeraProb/test/application/normalization/operational_state_normalizer_test.dart: debounces frequent updates within threshold
00:04 +49: C:/Projects/VeraProb/test/application/normalization/operational_state_normalizer_test.dart: filters impossible jumps (teleportation)
00:04 +50: C:/Projects/VeraProb/test/application/normalization/operational_state_normalizer_test.dart: applies spatial smoothing to latest positions
00:04 +51: C:/Projects/VeraProb/test/application/normalization/operational_state_normalizer_test.dart: transitions to dwellingAtStop based on geofence
00:04 +52: C:/Projects/VeraProb/test/application/normalization/operational_state_normalizer_test.dart: handles missing vehicles by degrading connectivity state
00:04 +53: C:/Projects/VeraProb/test/application/simulation_control_service_test.dart: (setUpAll)
00:04 +53: C:/Projects/VeraProb/test/application/simulation_control_service_test.dart: SimulationControlService Actions Regularizar updates status to enRoute and clears delay via simulation
00:04 +54: C:/Projects/VeraProb/test/application/simulation_control_service_test.dart: SimulationControlService Actions Cancelar updates status and dispatches contractual evidence
00:04 +55: C:/Projects/VeraProb/test/application/simulation_control_service_test.dart: SimulationControlService Actions Ocurrence dispatches contractual evidence via port
00:04 +56: C:/Projects/VeraProb/test/application/simulation_control_service_test.dart: (tearDownAll)
00:05 +56: C:/Projects/VeraProb/test/application/sla_audit/accept_by_contractor_handler_test.dart: (setUpAll)
00:05 +56: C:/Projects/VeraProb/test/application/sla_audit/accept_by_contractor_handler_test.dart: AcceptByContractorHandler Token vazio ÔÇö lan├ºa DomainException sem chamar o RPC
00:05 +57: C:/Projects/VeraProb/test/application/sla_audit/accept_by_contractor_handler_test.dart: AcceptByContractorHandler Token s├│ espa├ºos ÔÇö lan├ºa DomainException sem chamar o RPC
00:05 +58: C:/Projects/VeraProb/test/application/sla_audit/accept_by_contractor_handler_test.dart: AcceptByContractorHandler Token v├ílido ÔÇö RPC chamado 1x, ledger appendado 1x
00:05 +59: C:/Projects/VeraProb/test/application/sla_audit/accept_by_contractor_handler_test.dart: AcceptByContractorHandler RPC lan├ºa (token expirado) ÔÇö exce├º├úo propaga ao caller
00:05 +60: C:/Projects/VeraProb/test/application/sla_audit/accept_by_contractor_handler_test.dart: (tearDownAll)
00:05 +60: C:/Projects/VeraProb/test/application/sla_audit/audit_package_service_test.dart: AuditPackageService.createDraftAndSeal persists TWO rows: draft (row A) then sealed (row B) ÔÇö D1-Canonical
00:05 +61: C:/Projects/VeraProb/test/application/sla_audit/audit_package_service_test.dart: AuditPackageService.createDraftAndSeal draft and sealed rows have DIFFERENT IDs (D1-Canonical: two-row strategy)
00:05 +62: C:/Projects/VeraProb/test/application/sla_audit/audit_package_service_test.dart: AuditPackageService.createDraftAndSeal reportLedgerBoundary = max(snapshot.lastLedgerEntryId) across snapshots
00:05 +63: C:/Projects/VeraProb/test/application/sla_audit/audit_package_service_test.dart: AuditPackageService.createDraftAndSeal reportLedgerBoundary = 0 when all snapshots have null lastLedgerEntryId
00:05 +64: C:/Projects/VeraProb/test/application/sla_audit/audit_package_service_test.dart: AuditPackageService.createDraftAndSeal same inputs ÔåÆ identical packageHash (determinism)
00:05 +65: C:/Projects/VeraProb/test/application/sla_audit/audit_package_service_test.dart: AuditPackageService.createDraftAndSeal idempotency guard: returns existing sealed package if already exists
00:05 +66: C:/Projects/VeraProb/test/application/sla_audit/audit_package_service_test.dart: AuditPackageService.createDraftAndSeal sealed package passes verifyIntegrity()
00:05 +67: C:/Projects/VeraProb/test/application/sla_audit/audit_package_service_test.dart: AuditPackageService.createDraftAndSeal organizationId scoping: packages from different orgs are isolated
00:05 +68: C:/Projects/VeraProb/test/application/sla_audit/audit_package_service_test.dart: AuditPackageService.supersede saves superseded row with correct lineage and reason (INV-1)
00:05 +69: C:/Projects/VeraProb/test/application/sla_audit/audit_package_service_test.dart: AuditPackageService.supersede throws DomainException when package not found
00:05 +70: C:/Projects/VeraProb/test/application/sla_audit/audit_package_service_test.dart: AuditPackageService.supersede throws DomainException when trying to supersede a draft
00:05 +71: C:/Projects/VeraProb/test/application/sla_audit/audit_package_service_test.dart: AuditPackageService.listSealedPackages returns only sealed packages for the organization
00:05 +72: C:/Projects/VeraProb/test/application/sla_audit/audit_package_service_test.dart: AuditPackageService.listSealedPackages does not return packages from other organizations
00:05 +73: C:/Projects/VeraProb/test/application/sla_audit/b2b_domain_test.dart: Phase 5.10 - In-Memory B2B Domain & Projection Validation Scenario 5.5 & 5.6: Determinism and Indempotency (Generation)
00:06 +74: C:/Projects/VeraProb/test/application/sla_audit/b2b_domain_test.dart: Phase 5.10 - In-Memory B2B Domain & Projection Validation Scenario 5.8: Invalid Timezone throws DomainException
00:06 +75: C:/Projects/VeraProb/test/application/sla_audit/b2b_domain_test.dart: Phase 5.10 - In-Memory B2B Domain & Projection Validation Scenario 5.11: Extreme Timezone Offset (+14) normalization
00:06 +76: C:/Projects/VeraProb/test/application/sla_audit/clone_contract_handler_test.dart: CloneContractHandler ÔÇö happy path creates a new draft contract with a distinct UUID
00:06 +77: C:/Projects/VeraProb/test/application/sla_audit/clone_contract_handler_test.dart: CloneContractHandler ÔÇö happy path cloned contract records clonedFromContractId for audit
00:06 +78: C:/Projects/VeraProb/test/application/sla_audit/clone_contract_handler_test.dart: CloneContractHandler ÔÇö happy path clone emits its own ContractCreatedEvent (distinct aggregate)
00:06 +79: C:/Projects/VeraProb/test/application/sla_audit/clone_contract_handler_test.dart: CloneContractHandler ÔÇö happy path clone is persisted and retrievable
00:06 +80: C:/Projects/VeraProb/test/application/sla_audit/clone_contract_handler_test.dart: CloneContractHandler ÔÇö happy path contracts created without cloning have null clonedFromContractId
00:06 +81: C:/Projects/VeraProb/test/application/sla_audit/clone_contract_handler_test.dart: CloneContractHandler ÔÇö tenant isolation (QA invariant) throws DomainException when source belongs to a different org
00:06 +82: C:/Projects/VeraProb/test/application/sla_audit/clone_contract_handler_test.dart: CloneContractHandler ÔÇö tenant isolation (QA invariant) throws DomainException when source does not exist
00:06 +83: C:/Projects/VeraProb/test/application/sla_audit/clone_contract_handler_test.dart: CloneContractHandler ÔÇö domain invariants throws DomainException for invalid date range (until before from)
00:06 +84: C:/Projects/VeraProb/test/application/sla_audit/clone_contract_handler_test.dart: CloneContractHandler ÔÇö domain invariants throws DomainException for empty name
00:06 +85: C:/Projects/VeraProb/test/application/sla_audit/close_contract_handler_test.dart: CloseContractHandler closes a draft contract ÔÇö appends CONTRACT_CLOSED to ledger
00:06 +86: C:/Projects/VeraProb/test/application/sla_audit/close_contract_handler_test.dart: CloseContractHandler throws DomainException when contract not found
00:06 +87: C:/Projects/VeraProb/test/application/sla_audit/close_contract_handler_test.dart: CloseContractHandler throws DomainException for wrong organization (tenant isolation)
00:06 +88: C:/Projects/VeraProb/test/application/sla_audit/close_contract_handler_test.dart: CloseContractHandler throws DomainException when closing an already-closed contract
00:06 +89: C:/Projects/VeraProb/test/application/sla_audit/close_contract_handler_test.dart: CloseContractHandler throws DomainException for empty closedByUserId
00:06 +90: C:/Projects/VeraProb/test/application/sla_audit/close_contract_handler_test.dart: CloseContractHandler throws DomainException for blank reason
00:06 +91: C:/Projects/VeraProb/test/application/sla_audit/close_contract_handler_test.dart: CloseContractHandler RBAC: auditor is rejected before any I/O
00:06 +92: C:/Projects/VeraProb/test/application/sla_audit/close_contract_handler_test.dart: CloseContractHandler RBAC: operator is authorized to close contracts
00:06 +93: C:/Projects/VeraProb/test/application/sla_audit/close_contract_handler_test.dart: CloseContractHandler RBAC: admin is authorized to close contracts
00:07 +94: C:/Projects/VeraProb/test/application/sla_audit/contractual_evaluation_engine_test.dart: (setUpAll)
00:07 +94: C:/Projects/VeraProb/test/application/sla_audit/contractual_evaluation_engine_test.dart: ContractualEvaluationEngine binding occurs after 30s continuous dwell inside geofence
00:07 +95: C:/Projects/VeraProb/test/application/sla_audit/contractual_evaluation_engine_test.dart: ContractualEvaluationEngine no binding if vehicle leaves geofence before 30s
00:07 +96: C:/Projects/VeraProb/test/application/sla_audit/contractual_evaluation_engine_test.dart: ContractualEvaluationEngine plannedVehicleId is respected ÔÇö wrong vehicle ignored
00:07 +97: C:/Projects/VeraProb/test/application/sla_audit/contractual_evaluation_engine_test.dart: ContractualEvaluationEngine sweepExpiredObligations marks NoShow correctly
00:07 +98: C:/Projects/VeraProb/test/application/sla_audit/contractual_evaluation_engine_test.dart: ContractualEvaluationEngine finalized states are not reprocessed
00:07 +99: C:/Projects/VeraProb/test/application/sla_audit/contractual_evaluation_engine_test.dart: ContractualEvaluationEngine multiple execution states do not interfere
00:07 +100: C:/Projects/VeraProb/test/application/sla_audit/contractual_evaluation_engine_test.dart: ContractualEvaluationEngine idempotency: same payload twice does not duplicate processing
00:07 +101: C:/Projects/VeraProb/test/application/sla_audit/contractual_evaluation_engine_test.dart: ContractualEvaluationEngine out-of-order telemetry: older timestamp does not break dwell if already started
00:07 +102: C:/Projects/VeraProb/test/application/sla_audit/contractual_evaluation_engine_test.dart: ContractualEvaluationEngine sweepExpiredObligations is idempotent for prolonged absence
00:07 +103: C:/Projects/VeraProb/test/application/sla_audit/contractual_evaluation_engine_test.dart: ContractualEvaluationEngine delayed execution is rejected if already marked as no-show
00:07 +104: C:/Projects/VeraProb/test/application/sla_audit/contractual_evaluation_engine_test.dart: ContractualEvaluationEngine concurrent events for same setid do not duplicate execution
00:07 +105: C:/Projects/VeraProb/test/application/sla_audit/contractual_evaluation_engine_test.dart: ContractualEvaluationEngine gracePeriodMinutes (7.5) SET inside grace period is skipped ÔÇö no binding occurs
00:07 +106: C:/Projects/VeraProb/test/application/sla_audit/contractual_evaluation_engine_test.dart: ContractualEvaluationEngine gracePeriodMinutes (7.5) SET after grace period is evaluated ÔÇö binding occurs normally
00:07 +107: C:/Projects/VeraProb/test/application/sla_audit/contractual_evaluation_engine_test.dart: ContractualEvaluationEngine gracePeriodMinutes (7.5) grace period 0 ÔÇö SET evaluated immediately (no suppression)
00:07 +108: C:/Projects/VeraProb/test/application/sla_audit/contractual_evaluation_engine_test.dart: (tearDownAll)
00:07 +108: C:/Projects/VeraProb/test/application/sla_audit/contractual_evaluation_subscriber_test.dart: ContractualEvaluationSubscriber processes single vehicle from stream
00:07 +109: C:/Projects/VeraProb/test/application/sla_audit/contractual_evaluation_subscriber_test.dart: ContractualEvaluationSubscriber processes multiple vehicles from stream
00:07 +110: C:/Projects/VeraProb/test/application/sla_audit/contractual_evaluation_subscriber_test.dart: ContractualEvaluationSubscriber sweep timer calls sweepExpiredObligations
00:07 +111: C:/Projects/VeraProb/test/application/sla_audit/contractual_evaluation_subscriber_test.dart: ContractualEvaluationSubscriber sweep timer calls sweepExpiredObligations
00:07 +112: C:/Projects/VeraProb/test/application/sla_audit/contractual_evaluation_subscriber_test.dart: ContractualEvaluationSubscriber sweep timer calls sweepExpiredObligations
00:07 +113: C:/Projects/VeraProb/test/application/sla_audit/contractual_evaluation_subscriber_test.dart: ContractualEvaluationSubscriber stop() cancels subscription and timer
00:07 +114: C:/Projects/VeraProb/test/application/sla_audit/contractual_evaluation_subscriber_test.dart: ContractualEvaluationSubscriber start() does not create duplicate subscriptions
00:07 +115: C:/Projects/VeraProb/test/application/sla_audit/contractual_evaluation_subscriber_test.dart: ContractualEvaluationSubscriber engine error does not cancel the subscription
00:08 +116: C:/Projects/VeraProb/test/application/sla_audit/contractual_evaluation_subscriber_test.dart: ContractualEvaluationSubscriber ignores duplicate telemetry to avoid redundant processing
00:08 +117: C:/Projects/VeraProb/test/application/sla_audit/contractual_financial_impact_query_service_test.dart: ContractualFinancialImpactQueryService (snapshot-based) empty repository returns zero Money values
00:08 +118: C:/Projects/VeraProb/test/application/sla_audit/contractual_financial_impact_query_service_test.dart: ContractualFinancialImpactQueryService (snapshot-based) returns latest snapshot as current impact
00:08 +119: C:/Projects/VeraProb/test/application/sla_audit/contractual_financial_impact_query_service_test.dart: ContractualFinancialImpactQueryService (snapshot-based) filters by contractId
00:08 +120: C:/Projects/VeraProb/test/application/sla_audit/contractual_financial_snapshot_generator_test.dart: ContractualFinancialSnapshotGenerator empty repo generates snapshot with zero values
00:08 +121: C:/Projects/VeraProb/test/application/sla_audit/contractual_financial_snapshot_generator_test.dart: ContractualFinancialSnapshotGenerator generates correct snapshot for executed states
00:08 +122: C:/Projects/VeraProb/test/application/sla_audit/contractual_financial_snapshot_generator_test.dart: ContractualFinancialSnapshotGenerator generates correct snapshot for mixed statuses
00:08 +123: C:/Projects/VeraProb/test/application/sla_audit/contractual_financial_snapshot_generator_test.dart: ContractualFinancialSnapshotGenerator is idempotent (does not create duplicate snapshots)
00:08 +124: C:/Projects/VeraProb/test/application/sla_audit/contractual_financial_snapshot_generator_test.dart: ContractualFinancialSnapshotGenerator filters by contractId
00:08 +125: C:/Projects/VeraProb/test/application/sla_audit/contractual_financial_trend_query_service_test.dart: ContractualFinancialTrendQueryService (snapshot-based) empty repository returns empty list
00:08 +126: C:/Projects/VeraProb/test/application/sla_audit/contractual_financial_trend_query_service_test.dart: ContractualFinancialTrendQueryService (snapshot-based) single snapshot returns one trend point
00:08 +127: C:/Projects/VeraProb/test/application/sla_audit/contractual_financial_trend_query_service_test.dart: ContractualFinancialTrendQueryService (snapshot-based) multiple snapshots are sorted by date ascending
00:08 +128: C:/Projects/VeraProb/test/application/sla_audit/contractual_financial_trend_query_service_test.dart: ContractualFinancialTrendQueryService (snapshot-based) filters by contractId
00:09 +129: C:/Projects/VeraProb/test/application/sla_audit/contract_rules_validation_test.dart: Phase 2 Validation: Contract Rules & Configurable Determinism Scenario 2.1: The Rule Time-Travel Test (Deterministic Replay)
00:09 +130: C:/Projects/VeraProb/test/application/sla_audit/contract_rules_validation_test.dart: Phase 2 Validation: Contract Rules & Configurable Determinism Scenario 2.2: Dual-Tenant Rule Isolation
00:09 +131: C:/Projects/VeraProb/test/application/sla_audit/create_contract_handler_test.dart: CreateContractHandler happy path ÔÇö aggregate created in draft, persisted, ledger updated
00:09 +132: C:/Projects/VeraProb/test/application/sla_audit/create_contract_handler_test.dart: CreateContractHandler with optional description
00:09 +133: C:/Projects/VeraProb/test/application/sla_audit/create_contract_handler_test.dart: CreateContractHandler two contracts produce distinct IDs
00:09 +134: C:/Projects/VeraProb/test/application/sla_audit/create_contract_handler_test.dart: CreateContractHandler DomainException ÔÇö nothing persisted on invalid input
00:09 +135: C:/Projects/VeraProb/test/application/sla_audit/create_contract_handler_test.dart: CreateContractHandler tenant isolation ÔÇö findById returns null for wrong org
00:09 +136: C:/Projects/VeraProb/test/application/sla_audit/create_contract_handler_test.dart: CreateContractHandler findByOrganization ÔÇö filters by status
00:09 +137: C:/Projects/VeraProb/test/application/sla_audit/csv_export_service_test.dart: CsvExportService.generateCsv ÔÇö INV-19 Attestation Mandate output starts with UTF-8 BOM (\uFEFF) for Excel compatibility
00:09 +138: C:/Projects/VeraProb/test/application/sla_audit/csv_export_service_test.dart: CsvExportService.generateCsv ÔÇö INV-19 Attestation Mandate attestation comment block present ÔÇö Report ID line
00:09 +139: C:/Projects/VeraProb/test/application/sla_audit/csv_export_service_test.dart: CsvExportService.generateCsv ÔÇö INV-19 Attestation Mandate attestation comment block contains Package ID
00:09 +140: C:/Projects/VeraProb/test/application/sla_audit/csv_export_service_test.dart: CsvExportService.generateCsv ÔÇö INV-19 Attestation Mandate attestation contains SHA-256 package hash (INV-18)
00:09 +141: C:/Projects/VeraProb/test/application/sla_audit/csv_export_service_test.dart: CsvExportService.generateCsv ÔÇö INV-19 Attestation Mandate attestation contains tenant name and CNPJ
00:09 +142: C:/Projects/VeraProb/test/application/sla_audit/csv_export_service_test.dart: CsvExportService.generateCsv ÔÇö INV-19 Attestation Mandate attestation contains period start and end (UTC)
00:09 +143: C:/Projects/VeraProb/test/application/sla_audit/csv_export_service_test.dart: CsvExportService.generateCsv ÔÇö INV-19 Attestation Mandate attestation contains ledger boundary entry number
00:09 +144: C:/Projects/VeraProb/test/application/sla_audit/csv_export_service_test.dart: CsvExportService.generateCsv ÔÇö INV-19 Attestation Mandate attestation contains immutability guarantee text
00:09 +145: C:/Projects/VeraProb/test/application/sla_audit/csv_export_service_test.dart: CsvExportService.generateCsv ÔÇö INV-19 Attestation Mandate legal notice referencing CPC Art. 369 is present
00:09 +146: C:/Projects/VeraProb/test/application/sla_audit/csv_export_service_test.dart: CsvExportService.generateCsv ÔÇö Data correctness column headers are present in semicolon-delimited format
00:09 +147: C:/Projects/VeraProb/test/application/sla_audit/csv_export_service_test.dart: CsvExportService.generateCsv ÔÇö Data correctness snapshot rows contain correct cents values
00:10 +148: C:/Projects/VeraProb/test/application/sla_audit/csv_export_service_test.dart: CsvExportService.generateCsv ÔÇö Data correctness TOTAL PERIODO row is present at end of data section
00:10 +149: C:/Projects/VeraProb/test/application/sla_audit/csv_export_service_test.dart: CsvExportService.generateCsv ÔÇö Data correctness totals row aggregates multiple snapshots correctly
00:10 +150: C:/Projects/VeraProb/test/application/sla_audit/csv_export_service_test.dart: CsvExportService.generateCsv ÔÇö Data correctness compliance percentage is correct for 9/10 executed
00:10 +151: C:/Projects/VeraProb/test/application/sla_audit/csv_export_service_test.dart: CsvExportService.generateCsv ÔÇö Data correctness date format is ISO date only (no time component) in data rows
00:10 +152: C:/Projects/VeraProb/test/application/sla_audit/csv_export_service_test.dart: CsvExportService.generateCsv ÔÇö INV-18 enforcement throws DomainException if package is not sealed
00:10 +153: C:/Projects/VeraProb/test/application/sla_audit/csv_export_service_test.dart: CsvExportService.generateCsv ÔÇö INV-18 enforcement throws DomainException if report ID does not match package
00:10 +154: C:/Projects/VeraProb/test/application/sla_audit/csv_export_service_test.dart: CsvExportService.generateCsv ÔÇö INV-18 enforcement throws DomainException if sealed package has null hash (data integrity)
00:10 +155: C:/Projects/VeraProb/test/application/sla_audit/declare_contractual_plan_handler_test.dart: DeclareContractualPlanHandler happy path ÔÇö aggregate created, persisted, event in ledger
00:10 +156: C:/Projects/VeraProb/test/application/sla_audit/declare_contractual_plan_handler_test.dart: DeclareContractualPlanHandler persistence ÔÇö findById returns saved aggregate
00:10 +157: C:/Projects/VeraProb/test/application/sla_audit/declare_contractual_plan_handler_test.dart: DeclareContractualPlanHandler findByContract ÔÇö returns all declarations for a contract
00:10 +158: C:/Projects/VeraProb/test/application/sla_audit/declare_contractual_plan_handler_test.dart: DeclareContractualPlanHandler DomainException propagation ÔÇö nothing persisted on invalid input
00:10 +159: C:/Projects/VeraProb/test/application/sla_audit/declare_contractual_plan_handler_test.dart: DeclareContractualPlanHandler multiple services ÔÇö all SETs created from inputs
00:10 +160: C:/Projects/VeraProb/test/application/sla_audit/declare_contractual_plan_handler_test.dart: DeclareContractualPlanHandler INV-18 Engine Activation Gate throws DomainException when no operational zones exist for the org
00:10 +161: C:/Projects/VeraProb/test/application/sla_audit/declare_contractual_plan_handler_test.dart: DeclareContractualPlanHandler INV-18 Engine Activation Gate throws DomainException when shift-based plan declared with no active vehicles
00:10 +162: C:/Projects/VeraProb/test/application/sla_audit/delete_contractor_handler_test.dart: DeleteContractorHandler Rejeita auditor
00:10 +163: C:/Projects/VeraProb/test/application/sla_audit/delete_contractor_handler_test.dart: DeleteContractorHandler Passa para admin e operator (chama repo com args corretos)
00:11 +164: C:/Projects/VeraProb/test/application/sla_audit/phase5_contract_lifecycle_compliance_test.dart: Phase 5 Compliance ÔÇö Contract & Plan Lifecycle full lifecycle: create ÔåÆ plan v1 ÔåÆ plan v2 ÔåÆ close ÔåÆ rejected plan
00:11 +165: C:/Projects/VeraProb/test/application/sla_audit/phase5_contract_lifecycle_compliance_test.dart: Phase 5 Compliance ÔÇö Contract & Plan Lifecycle ledger is append-only ÔÇö entry types are immutable strings
00:11 +166: C:/Projects/VeraProb/test/application/sla_audit/phase5_contract_lifecycle_compliance_test.dart: Phase 5 Compliance ÔÇö Contract & Plan Lifecycle multi-tenant isolation ÔÇö two orgs with same contract id cannot interfere
00:11 +167: C:/Projects/VeraProb/test/application/sla_audit/projections/sla_execution_summary_test.dart: SlaExecutionSummary total calculates correctly
00:11 +168: C:/Projects/VeraProb/test/application/sla_audit/projections/sla_execution_summary_test.dart: SlaExecutionSummary default properties are assigned
00:11 +169: C:/Projects/VeraProb/test/application/sla_audit/projections/sla_execution_summary_test.dart: SlaExecutionSummary props computes identical states as equal
00:11 +170: C:/Projects/VeraProb/test/application/sla_audit/save_contractor_handler_test.dart: (setUpAll)
00:11 +170: C:/Projects/VeraProb/test/application/sla_audit/save_contractor_handler_test.dart: SaveContractorHandler Rejeita auditor
00:11 +171: C:/Projects/VeraProb/test/application/sla_audit/save_contractor_handler_test.dart: SaveContractorHandler Passa para admin e operator
00:11 +172: C:/Projects/VeraProb/test/application/sla_audit/save_contractor_handler_test.dart: SaveContractorHandler Gera UUID se id == null
00:11 +173: C:/Projects/VeraProb/test/application/sla_audit/save_contractor_handler_test.dart: SaveContractorHandler Reutiliza ID se fornecido
00:11 +174: C:/Projects/VeraProb/test/application/sla_audit/save_contractor_handler_test.dart: SaveContractorHandler Erro quando contractor n├úo encontrado no update
00:11 +175: C:/Projects/VeraProb/test/application/sla_audit/save_contractor_handler_test.dart: (tearDownAll)
00:11 +175: C:/Projects/VeraProb/test/application/sla_audit/shadow_mode_service_test.dart: ShadowModeService.runSimulation ÔÇö ROI computation persists simulation to repository
00:12 +176: C:/Projects/VeraProb/test/application/sla_audit/shadow_mode_service_test.dart: ShadowModeService.runSimulation ÔÇö ROI computation simulatedLostRevenue = actualLost ├ù (1 - disputeRate/100)
00:12 +177: C:/Projects/VeraProb/test/application/sla_audit/shadow_mode_service_test.dart: ShadowModeService.runSimulation ÔÇö ROI computation revenueProtectedByPlatform includes labor cost savings
00:12 +178: C:/Projects/VeraProb/test/application/sla_audit/shadow_mode_service_test.dart: ShadowModeService.runSimulation ÔÇö ROI computation roiPercentage = (protected / subscriptionCost) ├ù 100
00:12 +179: C:/Projects/VeraProb/test/application/sla_audit/shadow_mode_service_test.dart: ShadowModeService.runSimulation ÔÇö ROI computation same parameters ÔåÆ same ROI (idempotency)
00:12 +180: C:/Projects/VeraProb/test/application/sla_audit/shadow_mode_service_test.dart: ShadowModeService.runSimulation ÔÇö Evidence quality from canonical_facts evidenceQualityRate = 100% when no facts exist (empty period)
00:12 +181: C:/Projects/VeraProb/test/application/sla_audit/shadow_mode_service_test.dart: ShadowModeService.runSimulation ÔÇö Evidence quality from canonical_facts evidenceQualityRate computed from OK / total canonical_facts
00:12 +182: C:/Projects/VeraProb/test/application/sla_audit/shadow_mode_service_test.dart: ShadowModeService.runSimulation ÔÇö Evidence quality from canonical_facts evidenceQualityAttribution does NOT mention veraprob as cause when quality is low
00:12 +183: C:/Projects/VeraProb/test/application/sla_audit/shadow_mode_service_test.dart: ShadowModeService.runSimulation ÔÇö Evidence quality from canonical_facts evidenceQualityAttribution praises good quality when >= 95%
00:12 +184: C:/Projects/VeraProb/test/application/sla_audit/shadow_mode_service_test.dart: ShadowModeService.listSimulations returns simulations for the organization ordered by date DESC
00:12 +185: C:/Projects/VeraProb/test/application/sla_audit/shadow_mode_service_test.dart: ShadowModeService.listSimulations does not return simulations from other organizations
00:12 +186: C:/Projects/VeraProb/test/application/sla_audit/shift_projection_service_test.dart: (setUpAll)
00:12 +186: C:/Projects/VeraProb/test/application/sla_audit/shift_projection_service_test.dart: ShiftProjectionService 5.1 ÔÇö projectDays returns empty list for non-shift-based plan
00:12 +187: C:/Projects/VeraProb/test/application/sla_audit/shift_projection_service_test.dart: ShiftProjectionService 5.2 ÔÇö projectDays generates a SET for each matching weekday
00:12 +188: C:/Projects/VeraProb/test/application/sla_audit/shift_projection_service_test.dart: ShiftProjectionService 5.3 ÔÇö determinism: same plan + pattern + date ÔåÆ same setId
00:12 +189: C:/Projects/VeraProb/test/application/sla_audit/shift_projection_service_test.dart: ShiftProjectionService 5.4 ÔÇö idempotency: saveProjectedSets twice does not duplicate
00:12 +190: C:/Projects/VeraProb/test/application/sla_audit/shift_projection_service_test.dart: ShiftProjectionService 5.5 ÔÇö zone coordinate snapshot: zone update after projection does not affect existing SET
00:12 +191: C:/Projects/VeraProb/test/application/sla_audit/shift_projection_service_test.dart: ShiftProjectionService 5.6 ÔÇö SLA penalties are snapshotted onto projected SET
00:12 +192: C:/Projects/VeraProb/test/application/sla_audit/shift_projection_service_test.dart: ShiftProjectionService 5.7 ÔÇö detectAndAlertGaps raises PROJECTION_GAP for each past missing day
00:12 +193: C:/Projects/VeraProb/test/application/sla_audit/shift_projection_service_test.dart: ShiftProjectionService 5.8 ÔÇö detectAndAlertGaps is idempotent (no duplicate alerts)
00:12 +194: C:/Projects/VeraProb/test/application/sla_audit/shift_projection_service_test.dart: ShiftProjectionService 5.9 ÔÇö skip days when zone not found returns null (no crash)
00:12 +195: C:/Projects/VeraProb/test/application/sla_audit/shift_projection_service_test.dart: ShiftProjectionService 5.10 ÔÇö overnight shift: isOvernight is true when departure > arrival
00:12 +196: C:/Projects/VeraProb/test/application/sla_audit/shift_projection_service_test.dart: ShiftProjectionService 5.11 ÔÇö daytime shift: isOvernight is false when departure < arrival
00:12 +197: C:/Projects/VeraProb/test/application/sla_audit/shift_projection_service_test.dart: ShiftProjectionService 5.12 ÔÇö zero-duration shift throws DomainException
00:12 +198: C:/Projects/VeraProb/test/application/sla_audit/shift_projection_service_test.dart: ShiftProjectionService 5.14 ÔÇö SLAPenalties: new fields have correct defaults and survive JSON roundtrip
00:12 +199: C:/Projects/VeraProb/test/application/sla_audit/shift_projection_service_test.dart: ShiftProjectionService 5.13 ÔÇö overnight D+1: projected SET ends on next day in UTC
00:12 +200: C:/Projects/VeraProb/test/application/sla_audit/shift_projection_service_test.dart: (tearDownAll)
00:12 +200: C:/Projects/VeraProb/test/application/sla_audit/sla_execution_query_service_test.dart: SlaExecutionQueryService (in-memory) getSummary reflects correct counts by status
00:12 +201: C:/Projects/VeraProb/test/application/sla_audit/sla_execution_query_service_test.dart: SlaExecutionQueryService (in-memory) getSummary filters by contractId
00:12 +202: C:/Projects/VeraProb/test/application/sla_audit/sla_execution_query_service_test.dart: SlaExecutionQueryService (in-memory) listByStatus returns only matching status
00:12 +203: C:/Projects/VeraProb/test/application/sla_audit/sla_execution_query_service_test.dart: SlaExecutionQueryService (in-memory) listByStatus orders by windowStartUtc ascending
00:12 +204: C:/Projects/VeraProb/test/application/sla_audit/sla_execution_query_service_test.dart: SlaExecutionQueryService (in-memory) finalized and pending states are correctly separated
00:12 +205: C:/Projects/VeraProb/test/application/sla_audit/sla_execution_query_service_test.dart: SlaExecutionQueryService (in-memory) getSummary calculates financial projections correctly without fall-through
00:13 +206: C:/Projects/VeraProb/test/application/sla_audit/sla_ledger_mapper_test.dart: SlaLedgerMapper - EvidenceEvents Verification OccurrenceRegisteredEvidence maps gracefully without validation faults
00:13 +207: C:/Projects/VeraProb/test/application/sla_audit/sla_ledger_mapper_test.dart: SlaLedgerMapper - EvidenceEvents Verification TripInterruptedEvidence maps gracefully
00:13 +208: C:/Projects/VeraProb/test/application/sla_audit/sla_ledger_mapper_test.dart: SlaLedgerMapper - EvidenceEvents Verification TripCancelledEvidence maps gracefully
00:13 +209: C:/Projects/VeraProb/test/application/sla_audit/submit_contract_for_approval_handler_test.dart: (setUpAll)
00:13 +209: C:/Projects/VeraProb/test/application/sla_audit/submit_contract_for_approval_handler_test.dart: SubmitContractForApprovalHandler Rejeita operator ÔÇö n├úo tem canApproveContractAcceptance
00:13 +210: C:/Projects/VeraProb/test/application/sla_audit/submit_contract_for_approval_handler_test.dart: SubmitContractForApprovalHandler Rejeita auditor ÔÇö n├úo tem canApproveContractAcceptance
00:13 +211: C:/Projects/VeraProb/test/application/sla_audit/submit_contract_for_approval_handler_test.dart: SubmitContractForApprovalHandler Contrato n├úo encontrado ÔÇö lan├ºa DomainException
00:13 +212: C:/Projects/VeraProb/test/application/sla_audit/submit_contract_for_approval_handler_test.dart: SubmitContractForApprovalHandler Contrato active ÔÇö domain guard lan├ºa DomainException
00:13 +213: C:/Projects/VeraProb/test/application/sla_audit/submit_contract_for_approval_handler_test.dart: SubmitContractForApprovalHandler Contrato closed ÔÇö domain guard lan├ºa DomainException
00:13 +214: C:/Projects/VeraProb/test/application/sla_audit/submit_contract_for_approval_handler_test.dart: SubmitContractForApprovalHandler Contrato awaitingContractorAcceptance ÔÇö domain guard lan├ºa DomainException
00:13 +215: C:/Projects/VeraProb/test/application/sla_audit/submit_contract_for_approval_handler_test.dart: SubmitContractForApprovalHandler Admin + draft ÔÇö retorna token n├úo-vazio, RPC chamado 1x, ledger appendado 1x
00:13 +216: C:/Projects/VeraProb/test/application/sla_audit/submit_contract_for_approval_handler_test.dart: SubmitContractForApprovalHandler Duas invoca├º├Áes retornam tokens distintos (INV-7)
00:13 +217: C:/Projects/VeraProb/test/application/sla_audit/submit_contract_for_approval_handler_test.dart: (tearDownAll)
00:13 +217: C:/Projects/VeraProb/test/application/sla_audit/telemetry_ingestion_pipeline_test.dart: (setUpAll)
00:13 +217: C:/Projects/VeraProb/test/application/sla_audit/telemetry_ingestion_pipeline_test.dart: 6.5.2 ÔÇö Chronological Chaos Tolerance facts arrive out-of-order but are processed chronologically
00:13 +218: C:/Projects/VeraProb/test/application/sla_audit/telemetry_ingestion_pipeline_test.dart: 6.5.2 ÔÇö Chronological Chaos Tolerance late arrival facts (gpsTimestamp 4h before received) are processed
00:13 +219: C:/Projects/VeraProb/test/application/sla_audit/telemetry_ingestion_pipeline_test.dart: 6.5.2 ÔÇö Chronological Chaos Tolerance futureTimestamp facts are skipped
00:13 +220: C:/Projects/VeraProb/test/application/sla_audit/telemetry_ingestion_pipeline_test.dart: 6.5.2 ÔÇö Chronological Chaos Tolerance nullIsland facts are skipped
00:13 +221: C:/Projects/VeraProb/test/application/sla_audit/telemetry_ingestion_pipeline_test.dart: 6.5.2 ÔÇö Chronological Chaos Tolerance result totals: processed + skipped = totalReceived
00:13 +222: C:/Projects/VeraProb/test/application/sla_audit/telemetry_ingestion_pipeline_test.dart: 6.5.3 ÔÇö Asset State Machine MAINTENANCE asset: facts are skipped, zero SLA penalties
00:13 +223: C:/Projects/VeraProb/test/application/sla_audit/telemetry_ingestion_pipeline_test.dart: 6.5.3 ÔÇö Asset State Machine OFF_DUTY asset: facts are skipped
00:13 +224: C:/Projects/VeraProb/test/application/sla_audit/telemetry_ingestion_pipeline_test.dart: 6.5.3 ÔÇö Asset State Machine ACTIVE asset (default ÔÇö no events): facts are processed normally
00:13 +225: C:/Projects/VeraProb/test/application/sla_audit/telemetry_ingestion_pipeline_test.dart: 6.5.3 ÔÇö Asset State Machine AssetStatusEvent: throws on same-status transition
00:13 +226: C:/Projects/VeraProb/test/application/sla_audit/telemetry_ingestion_pipeline_test.dart: 6.5.3 ÔÇö Asset State Machine AssetStatusEvent: throws on non-UTC timestamp
00:13 +227: C:/Projects/VeraProb/test/application/sla_audit/telemetry_ingestion_pipeline_test.dart: 6.5.3 ÔÇö Asset State Machine status history replay: last event wins
00:13 +228: C:/Projects/VeraProb/test/application/sla_audit/telemetry_ingestion_pipeline_test.dart: 6.5.4 ÔÇö Kinematic Noise Filter (sequential Haversine) GPS jitter jump of ~200m is discarded, surrounding valid points pass
00:13 +229: C:/Projects/VeraProb/test/application/sla_audit/telemetry_ingestion_pipeline_test.dart: 6.5.4 ÔÇö Kinematic Noise Filter (sequential Haversine) same timestamp but displaced > 5m is discarded
00:13 +230: C:/Projects/VeraProb/test/application/sla_audit/telemetry_ingestion_pipeline_test.dart: 6.5.4 ÔÇö Kinematic Noise Filter (sequential Haversine) normal movement at 80 km/h passes the filter
00:13 +231: C:/Projects/VeraProb/test/application/sla_audit/telemetry_ingestion_pipeline_test.dart: 6.5.4 ÔÇö Kinematic Noise Filter (sequential Haversine) different devices do not share kinematic state
00:13 +232: C:/Projects/VeraProb/test/application/sla_audit/telemetry_ingestion_pipeline_test.dart: (tearDownAll)
00:14 +232: C:/Projects/VeraProb/test/application/sla_audit/update_contractual_rule_handler_test.dart: UpdateContractualRuleHandler operator role is denied ÔÇö canEditSlaRules is admin-only
00:14 +233: C:/Projects/VeraProb/test/application/sla_audit/update_contractual_rule_handler_test.dart: UpdateContractualRuleHandler auditor role is denied ÔÇö canEditSlaRules is admin-only
00:14 +234: C:/Projects/VeraProb/test/application/sla_audit/update_contractual_rule_handler_test.dart: UpdateContractualRuleHandler admin creates first version ÔÇö returns new rule UUID
00:14 +235: C:/Projects/VeraProb/test/application/sla_audit/update_contractual_rule_handler_test.dart: UpdateContractualRuleHandler admin updates existing version ÔÇö passes oldRuleId to service
00:14 +236: C:/Projects/VeraProb/test/application/sla_audit/update_contractual_rule_handler_test.dart: UpdateContractualRuleHandler MIN_GEOFENCE_COVERAGE with wrong key throws DomainException
00:14 +237: C:/Projects/VeraProb/test/application/sla_audit/update_contractual_rule_handler_test.dart: UpdateContractualRuleHandler MAX_TOLERANCE_DELAY with correct key passes validation
00:14 +238: C:/Projects/VeraProb/test/application/sla_audit/update_contractual_rule_handler_test.dart: UpdateContractualRuleHandler NO_SHOW_PENALTY with correct key passes validation
00:14 +239: C:/Projects/VeraProb/test/application/sla_audit/update_contractual_rule_handler_test.dart: UpdateContractualRuleHandler MAX_EVIDENCE_GAP with correct key passes validation
00:14 +240: C:/Projects/VeraProb/test/compliance/phase3_compliance_test.dart: Phase 3 Compliance Review C3-01: binding evaluation persists exactly one trace
00:14 +241: C:/Projects/VeraProb/test/compliance/phase3_compliance_test.dart: Phase 3 Compliance Review C3-02: sweep NoShow evaluation persists a trace
00:14 +242: C:/Projects/VeraProb/test/compliance/phase3_compliance_test.dart: Phase 3 Compliance Review C3-03: triggeringEventId matches a persisted ledger UUID
00:14 +243: C:/Projects/VeraProb/test/compliance/phase3_compliance_test.dart: Phase 3 Compliance Review C3-04: identical inputs produce identical trace decisions
00:14 +244: C:/Projects/VeraProb/test/compliance/phase3_compliance_test.dart: Phase 3 Compliance Review C3-05: all traces carry centralized engine version
00:14 +245: C:/Projects/VeraProb/test/compliance/phase3_compliance_test.dart: Phase 3 Compliance Review C3-06: each EvaluationDecision has all required fields
00:14 +246: C:/Projects/VeraProb/test/compliance/phase3_compliance_test.dart: Phase 3 Compliance Review C3-07: EvaluationTrace and EvaluationDecision are pure Dart
00:14 +247: C:/Projects/VeraProb/test/compliance/phase3_compliance_test.dart: Phase 3 Compliance Review C3-08: trace repository exposes no update or delete operations
00:14 +248: C:/Projects/VeraProb/test/compliance/phase4_compliance_test.dart: Phase 4 Compliance Review C4-01: NoShow produces CRITICAL alert
00:14 +249: C:/Projects/VeraProb/test/compliance/phase4_compliance_test.dart: Phase 4 Compliance Review C4-02: successful binding does NOT produce alert
00:14 +250: C:/Projects/VeraProb/test/compliance/phase4_compliance_test.dart: Phase 4 Compliance Review C4-03: alert references ledger event and trace
00:14 +251: C:/Projects/VeraProb/test/compliance/phase4_compliance_test.dart: Phase 4 Compliance Review C4-04: duplicate alert from same ledger event is suppressed
00:14 +252: C:/Projects/VeraProb/test/compliance/phase4_compliance_test.dart: Phase 4 Compliance Review C4-05: ACTIVE ÔåÆ ACKNOWLEDGED ÔåÆ RESOLVED lifecycle
00:15 +253: C:/Projects/VeraProb/test/compliance/phase4_compliance_test.dart: Phase 4 Compliance Review C4-06: invalid lifecycle transitions are rejected
00:15 +254: C:/Projects/VeraProb/test/compliance/phase4_compliance_test.dart: Phase 4 Compliance Review C4-07: findActive scopes alerts by organization
00:15 +255: C:/Projects/VeraProb/test/compliance/phase4_compliance_test.dart: Phase 4 Compliance Review C4-08: OperationalAlert is pure Dart
00:15 +256: C:/Projects/VeraProb/test/compliance/phase4_compliance_test.dart: Phase 4 Compliance Review C4-09: AlertDerivationService maps correct types and severities
00:15 +257: C:/Projects/VeraProb/test/compliance/phase4_compliance_test.dart: Phase 4 Compliance Review C4-10: alerts originate exclusively from engine pipeline
00:15 +258: C:/Projects/VeraProb/test/domain/authority/hardening/authorizing_command_bus_test.dart: Architecture Guardians: AuthorizingCommandBus 1. The Golden Path (Approved Mutator): Should log APPROVED and call Mutator 1 time
[FORENSIC LEDGER] APPROVED | Action: resolve_alert | Actor: test-actor | Target: urn:veraprob:trip:t-123
00:15 +259: C:/Projects/VeraProb/test/domain/authority/hardening/authorizing_command_bus_test.dart: Architecture Guardians: AuthorizingCommandBus 2. The Iron Gate (Denied Mutator): Should log DENIED and call Mutator 0 times
[FORENSIC LEDGER] DENIED | Action: resolve_alert | Actor: test-actor | Target: urn:veraprob:trip:t-999
00:15 +260: C:/Projects/VeraProb/test/domain/authority/hardening/authorizing_command_bus_test.dart: Architecture Guardians: AuthorizingCommandBus 3. The Unmapped Rogue Command: Should fail mapping, skipping Evaluator and Mutator
00:15 +261: C:/Projects/VeraProb/test/domain/authority/hardening/authorizing_command_bus_test.dart: Architecture Guardians: AuthorizingCommandBus 4. Atomic Mutator Failure: Should still retain the APPROVED forensic log even if system crashes downstream
[FORENSIC LEDGER] APPROVED | Action: resolve_alert | Actor: test-actor | Target: urn:veraprob:trip:t-crash
00:15 +262: C:/Projects/VeraProb/test/domain/authority/hardening/forensic_concurrency_test.dart: Architecture Guardians: Forensic Concurrency Test 5. Mass Concurrent Dispatches: Should maintain ledger consistency without dropping decisions
[FORENSIC LEDGER] APPROVED | Action: resolve_alert | Actor: stress-actor | Target: urn:veraprob:trip:concurrent_trip_0
[FORENSIC LEDGER] APPROVED | Action: resolve_alert | Actor: stress-actor | Target: urn:veraprob:trip:concurrent_trip_1
[FORENSIC LEDGER] APPROVED | Action: resolve_alert | Actor: stress-actor | Target: urn:veraprob:trip:concurrent_trip_2
[FORENSIC LEDGER] APPROVED | Action: resolve_alert | Actor: stress-actor | Target: urn:veraprob:trip:concurrent_trip_3
[FORENSIC LEDGER] APPROVED | Action: resolve_alert | Actor: stress-actor | Target: urn:veraprob:trip:concurrent_trip_4
[FORENSIC LEDGER] APPROVED | Action: resolve_alert | Actor: stress-actor | Target: urn:veraprob:trip:concurrent_trip_5
[FORENSIC LEDGER] APPROVED | Action: resolve_alert | Actor: stress-actor | Target: urn:veraprob:trip:concurrent_trip_6
[FORENSIC LEDGER] APPROVED | Action: resolve_alert | Actor: stress-actor | Target: urn:veraprob:trip:concurrent_trip_7
[FORENSIC LEDGER] APPROVED | Action: resolve_alert | Actor: stress-actor | Target: urn:veraprob:trip:concurrent_trip_8
[FORENSIC LEDGER] APPROVED | Action: resolve_alert | Actor: stress-actor | Target: urn:veraprob:trip:concurrent_trip_9
[FORENSIC LEDGER] APPROVED | Action: resolve_alert | Actor: stress-actor | Target: urn:veraprob:trip:concurrent_trip_10
[FORENSIC LEDGER] APPROVED | Action: resolve_alert | Actor: stress-actor | Target: urn:veraprob:trip:concurrent_trip_11
[FORENSIC LEDGER] APPROVED | Action: resolve_alert | Actor: stress-actor | Target: urn:veraprob:trip:concurrent_trip_12
[FORENSIC LEDGER] APPROVED | Action: resolve_alert | Actor: stress-actor | Target: urn:veraprob:trip:concurrent_trip_13
[FORENSIC LEDGER] APPROVED | Action: resolve_alert | Actor: stress-actor | Target: urn:veraprob:trip:concurrent_trip_14
[FORENSIC LEDGER] APPROVED | Action: resolve_alert | Actor: stress-actor | Target: urn:veraprob:trip:concurrent_trip_15
[FORENSIC LEDGER] APPROVED | Action: resolve_alert | Actor: stress-actor | Target: urn:veraprob:trip:concurrent_trip_16
[FORENSIC LEDGER] APPROVED | Action: resolve_alert | Actor: stress-actor | Target: urn:veraprob:trip:concurrent_trip_17
[FORENSIC LEDGER] APPROVED | Action: resolve_alert | Actor: stress-actor | Target: urn:veraprob:trip:concurrent_trip_18
[FORENSIC LEDGER] APPROVED | Action: resolve_alert | Actor: stress-actor | Target: urn:veraprob:trip:concurrent_trip_19
[FORENSIC LEDGER] APPROVED | Action: resolve_alert | Actor: stress-actor | Target: urn:veraprob:trip:concurrent_trip_20
[FORENSIC LEDGER] APPROVED | Action: resolve_alert | Actor: stress-actor | Target: urn:veraprob:trip:concurrent_trip_21
[FORENSIC LEDGER] APPROVED | Action: resolve_alert | Actor: stress-actor | Target: urn:veraprob:trip:concurrent_trip_22
[FORENSIC LEDGER] APPROVED | Action: resolve_alert | Actor: stress-actor | Target: urn:veraprob:trip:concurrent_trip_23
[FORENSIC LEDGER] APPROVED | Action: resolve_alert | Actor: stress-actor | Target: urn:veraprob:trip:concurrent_trip_24
[FORENSIC LEDGER] APPROVED | Action: resolve_alert | Actor: stress-actor | Target: urn:veraprob:trip:concurrent_trip_25
[FORENSIC LEDGER] APPROVED | Action: resolve_alert | Actor: stress-actor | Target: urn:veraprob:trip:concurrent_trip_26
[FORENSIC LEDGER] APPROVED | Action: resolve_alert | Actor: stress-actor | Target: urn:veraprob:trip:concurrent_trip_27
[FORENSIC LEDGER] APPROVED | Action: resolve_alert | Actor: stress-actor | Target: urn:veraprob:trip:concurrent_trip_28
[FORENSIC LEDGER] APPROVED | Action: resolve_alert | Actor: stress-actor | Target: urn:veraprob:trip:concurrent_trip_29
[FORENSIC LEDGER] APPROVED | Action: resolve_alert | Actor: stress-actor | Target: urn:veraprob:trip:concurrent_trip_30
[FORENSIC LEDGER] APPROVED | Action: resolve_alert | Actor: stress-actor | Target: urn:veraprob:trip:concurrent_trip_31
[FORENSIC LEDGER] APPROVED | Action: resolve_alert | Actor: stress-actor | Target: urn:veraprob:trip:concurrent_trip_32
[FORENSIC LEDGER] APPROVED | Action: resolve_alert | Actor: stress-actor | Target: urn:veraprob:trip:concurrent_trip_33
[FORENSIC LEDGER] APPROVED | Action: resolve_alert | Actor: stress-actor | Target: urn:veraprob:trip:concurrent_trip_34
[FORENSIC LEDGER] APPROVED | Action: resolve_alert | Actor: stress-actor | Target: urn:veraprob:trip:concurrent_trip_35
[FORENSIC LEDGER] APPROVED | Action: resolve_alert | Actor: stress-actor | Target: urn:veraprob:trip:concurrent_trip_36
[FORENSIC LEDGER] APPROVED | Action: resolve_alert | Actor: stress-actor | Target: urn:veraprob:trip:concurrent_trip_37
[FORENSIC LEDGER] APPROVED | Action: resolve_alert | Actor: stress-actor | Target: urn:veraprob:trip:concurrent_trip_38
[FORENSIC LEDGER] APPROVED | Action: resolve_alert | Actor: stress-actor | Target: urn:veraprob:trip:concurrent_trip_39
[FORENSIC LEDGER] APPROVED | Action: resolve_alert | Actor: stress-actor | Target: urn:veraprob:trip:concurrent_trip_40
[FORENSIC LEDGER] APPROVED | Action: resolve_alert | Actor: stress-actor | Target: urn:veraprob:trip:concurrent_trip_41
[FORENSIC LEDGER] APPROVED | Action: resolve_alert | Actor: stress-actor | Target: urn:veraprob:trip:concurrent_trip_42
[FORENSIC LEDGER] APPROVED | Action: resolve_alert | Actor: stress-actor | Target: urn:veraprob:trip:concurrent_trip_43
[FORENSIC LEDGER] APPROVED | Action: resolve_alert | Actor: stress-actor | Target: urn:veraprob:trip:concurrent_trip_44
[FORENSIC LEDGER] APPROVED | Action: resolve_alert | Actor: stress-actor | Target: urn:veraprob:trip:concurrent_trip_45
[FORENSIC LEDGER] APPROVED | Action: resolve_alert | Actor: stress-actor | Target: urn:veraprob:trip:concurrent_trip_46
[FORENSIC LEDGER] APPROVED | Action: resolve_alert | Actor: stress-actor | Target: urn:veraprob:trip:concurrent_trip_47
[FORENSIC LEDGER] APPROVED | Action: resolve_alert | Actor: stress-actor | Target: urn:veraprob:trip:concurrent_trip_48
[FORENSIC LEDGER] APPROVED | Action: resolve_alert | Actor: stress-actor | Target: urn:veraprob:trip:concurrent_trip_49
[FORENSIC LEDGER] APPROVED | Action: resolve_alert | Actor: stress-actor | Target: urn:veraprob:trip:concurrent_trip_50
[FORENSIC LEDGER] APPROVED | Action: resolve_alert | Actor: stress-actor | Target: urn:veraprob:trip:concurrent_trip_51
[FORENSIC LEDGER] APPROVED | Action: resolve_alert | Actor: stress-actor | Target: urn:veraprob:trip:concurrent_trip_52
[FORENSIC LEDGER] APPROVED | Action: resolve_alert | Actor: stress-actor | Target: urn:veraprob:trip:concurrent_trip_53
[FORENSIC LEDGER] APPROVED | Action: resolve_alert | Actor: stress-actor | Target: urn:veraprob:trip:concurrent_trip_54
[FORENSIC LEDGER] APPROVED | Action: resolve_alert | Actor: stress-actor | Target: urn:veraprob:trip:concurrent_trip_55
[FORENSIC LEDGER] APPROVED | Action: resolve_alert | Actor: stress-actor | Target: urn:veraprob:trip:concurrent_trip_56
[FORENSIC LEDGER] APPROVED | Action: resolve_alert | Actor: stress-actor | Target: urn:veraprob:trip:concurrent_trip_57
[FORENSIC LEDGER] APPROVED | Action: resolve_alert | Actor: stress-actor | Target: urn:veraprob:trip:concurrent_trip_58
[FORENSIC LEDGER] APPROVED | Action: resolve_alert | Actor: stress-actor | Target: urn:veraprob:trip:concurrent_trip_59
[FORENSIC LEDGER] APPROVED | Action: resolve_alert | Actor: stress-actor | Target: urn:veraprob:trip:concurrent_trip_60
[FORENSIC LEDGER] APPROVED | Action: resolve_alert | Actor: stress-actor | Target: urn:veraprob:trip:concurrent_trip_61
[FORENSIC LEDGER] APPROVED | Action: resolve_alert | Actor: stress-actor | Target: urn:veraprob:trip:concurrent_trip_62
[FORENSIC LEDGER] APPROVED | Action: resolve_alert | Actor: stress-actor | Target: urn:veraprob:trip:concurrent_trip_63
[FORENSIC LEDGER] APPROVED | Action: resolve_alert | Actor: stress-actor | Target: urn:veraprob:trip:concurrent_trip_64
[FORENSIC LEDGER] APPROVED | Action: resolve_alert | Actor: stress-actor | Target: urn:veraprob:trip:concurrent_trip_65
[FORENSIC LEDGER] APPROVED | Action: resolve_alert | Actor: stress-actor | Target: urn:veraprob:trip:concurrent_trip_66
[FORENSIC LEDGER] APPROVED | Action: resolve_alert | Actor: stress-actor | Target: urn:veraprob:trip:concurrent_trip_67
[FORENSIC LEDGER] APPROVED | Action: resolve_alert | Actor: stress-actor | Target: urn:veraprob:trip:concurrent_trip_68
[FORENSIC LEDGER] APPROVED | Action: resolve_alert | Actor: stress-actor | Target: urn:veraprob:trip:concurrent_trip_69
[FORENSIC LEDGER] APPROVED | Action: resolve_alert | Actor: stress-actor | Target: urn:veraprob:trip:concurrent_trip_70
[FORENSIC LEDGER] APPROVED | Action: resolve_alert | Actor: stress-actor | Target: urn:veraprob:trip:concurrent_trip_71
[FORENSIC LEDGER] APPROVED | Action: resolve_alert | Actor: stress-actor | Target: urn:veraprob:trip:concurrent_trip_72
[FORENSIC LEDGER] APPROVED | Action: resolve_alert | Actor: stress-actor | Target: urn:veraprob:trip:concurrent_trip_73
[FORENSIC LEDGER] APPROVED | Action: resolve_alert | Actor: stress-actor | Target: urn:veraprob:trip:concurrent_trip_74
[FORENSIC LEDGER] APPROVED | Action: resolve_alert | Actor: stress-actor | Target: urn:veraprob:trip:concurrent_trip_75
[FORENSIC LEDGER] APPROVED | Action: resolve_alert | Actor: stress-actor | Target: urn:veraprob:trip:concurrent_trip_76
[FORENSIC LEDGER] APPROVED | Action: resolve_alert | Actor: stress-actor | Target: urn:veraprob:trip:concurrent_trip_77
[FORENSIC LEDGER] APPROVED | Action: resolve_alert | Actor: stress-actor | Target: urn:veraprob:trip:concurrent_trip_78
[FORENSIC LEDGER] APPROVED | Action: resolve_alert | Actor: stress-actor | Target: urn:veraprob:trip:concurrent_trip_79
[FORENSIC LEDGER] APPROVED | Action: resolve_alert | Actor: stress-actor | Target: urn:veraprob:trip:concurrent_trip_80
[FORENSIC LEDGER] APPROVED | Action: resolve_alert | Actor: stress-actor | Target: urn:veraprob:trip:concurrent_trip_81
[FORENSIC LEDGER] APPROVED | Action: resolve_alert | Actor: stress-actor | Target: urn:veraprob:trip:concurrent_trip_82
[FORENSIC LEDGER] APPROVED | Action: resolve_alert | Actor: stress-actor | Target: urn:veraprob:trip:concurrent_trip_83
[FORENSIC LEDGER] APPROVED | Action: resolve_alert | Actor: stress-actor | Target: urn:veraprob:trip:concurrent_trip_84
[FORENSIC LEDGER] APPROVED | Action: resolve_alert | Actor: stress-actor | Target: urn:veraprob:trip:concurrent_trip_85
[FORENSIC LEDGER] APPROVED | Action: resolve_alert | Actor: stress-actor | Target: urn:veraprob:trip:concurrent_trip_86
[FORENSIC LEDGER] APPROVED | Action: resolve_alert | Actor: stress-actor | Target: urn:veraprob:trip:concurrent_trip_87
[FORENSIC LEDGER] APPROVED | Action: resolve_alert | Actor: stress-actor | Target: urn:veraprob:trip:concurrent_trip_88
[FORENSIC LEDGER] APPROVED | Action: resolve_alert | Actor: stress-actor | Target: urn:veraprob:trip:concurrent_trip_89
[FORENSIC LEDGER] APPROVED | Action: resolve_alert | Actor: stress-actor | Target: urn:veraprob:trip:concurrent_trip_90
[FORENSIC LEDGER] APPROVED | Action: resolve_alert | Actor: stress-actor | Target: urn:veraprob:trip:concurrent_trip_91
[FORENSIC LEDGER] APPROVED | Action: resolve_alert | Actor: stress-actor | Target: urn:veraprob:trip:concurrent_trip_92
[FORENSIC LEDGER] APPROVED | Action: resolve_alert | Actor: stress-actor | Target: urn:veraprob:trip:concurrent_trip_93
[FORENSIC LEDGER] APPROVED | Action: resolve_alert | Actor: stress-actor | Target: urn:veraprob:trip:concurrent_trip_94
[FORENSIC LEDGER] APPROVED | Action: resolve_alert | Actor: stress-actor | Target: urn:veraprob:trip:concurrent_trip_95
[FORENSIC LEDGER] APPROVED | Action: resolve_alert | Actor: stress-actor | Target: urn:veraprob:trip:concurrent_trip_96
[FORENSIC LEDGER] APPROVED | Action: resolve_alert | Actor: stress-actor | Target: urn:veraprob:trip:concurrent_trip_97
[FORENSIC LEDGER] APPROVED | Action: resolve_alert | Actor: stress-actor | Target: urn:veraprob:trip:concurrent_trip_98
[FORENSIC LEDGER] APPROVED | Action: resolve_alert | Actor: stress-actor | Target: urn:veraprob:trip:concurrent_trip_99
00:15 +263: C:/Projects/VeraProb/test/domain/entities/operational_trip_test.dart: OperationalTrip isActive derives from status correctly
00:15 +264: C:/Projects/VeraProb/test/domain/entities/operational_trip_test.dart: OperationalTrip isTerminal derives from status correctly
00:15 +265: C:/Projects/VeraProb/test/domain/entities/operational_trip_test.dart: OperationalTrip requiresAttention triggers on severity or status
00:15 +266: C:/Projects/VeraProb/test/domain/entities/operational_trip_test.dart: OperationalTrip isFullyAssigned checks driver and vehicle
00:15 +267: C:/Projects/VeraProb/test/domain/entities/operational_trip_test.dart: OperationalTrip delayDisplay formats strings correctly
00:15 +268: C:/Projects/VeraProb/test/domain/entities/operational_trip_test.dart: OperationalTrip routeDisplay combines short and long names gracefully
00:15 +269: C:/Projects/VeraProb/test/domain/entities/operational_trip_test.dart: OperationalTrip fromJson & toJson map structural fields correctly
00:16 +270: C:/Projects/VeraProb/test/domain/entities/trip_event_test.dart: TripEvent Domain Rules summary describes status change accurately
00:16 +271: C:/Projects/VeraProb/test/domain/entities/trip_event_test.dart: TripEvent Domain Rules summary describes delay deviation accurately
00:16 +272: C:/Projects/VeraProb/test/domain/entities/trip_event_test.dart: TripEvent Domain Rules summary defaults to event type label when no specifics apply
00:16 +273: C:/Projects/VeraProb/test/domain/entities/trip_event_test.dart: TripEvent Domain Rules TripEvent retains immutability properties
00:16 +274: C:/Projects/VeraProb/test/domain/entities/vehicle_operational_state_test.dart: VehicleOperationalState copyWith updates fields correctly
00:16 +275: C:/Projects/VeraProb/test/domain/entities/vehicle_operational_state_test.dart: VehicleOperationalState requiresAttention returns true for lost signal or off route
00:16 +276: C:/Projects/VeraProb/test/domain/entities/vehicle_operational_state_test.dart: VehicleOperationalState props returns correct equatable items
00:16 +277: C:/Projects/VeraProb/test/domain/enums/enums_test.dart: Enums Domain Tests MotionState extension methods
00:16 +278: C:/Projects/VeraProb/test/domain/enums/enums_test.dart: Enums Domain Tests ConnectivityState extension methods
00:16 +279: C:/Projects/VeraProb/test/domain/enums/enums_test.dart: Enums Domain Tests RouteAdherence extension methods
00:16 +280: C:/Projects/VeraProb/test/domain/enums/enums_test.dart: Enums Domain Tests TripStatus parsing and logic
00:17 +281: C:/Projects/VeraProb/test/domain/shared/money_test.dart: Money Value Object creates from cents
00:17 +282: C:/Projects/VeraProb/test/domain/shared/money_test.dart: Money Value Object creates from double using round()
00:17 +283: C:/Projects/VeraProb/test/domain/shared/money_test.dart: Money Value Object converts to double correctly
00:17 +284: C:/Projects/VeraProb/test/domain/shared/money_test.dart: Money Value Object addition operator works correctly
00:17 +285: C:/Projects/VeraProb/test/domain/shared/money_test.dart: Money Value Object multiplication operator works correctly with rounding
00:17 +286: C:/Projects/VeraProb/test/domain/shared/money_test.dart: Money Value Object equality is based on cents value
00:17 +287: C:/Projects/VeraProb/test/domain/sla_audit/audit_package_test.dart: AuditPackage.createDraft creates draft with status=draft and no packageHash
00:17 +288: C:/Projects/VeraProb/test/domain/sla_audit/audit_package_test.dart: AuditPackage.createDraft sets reportLedgerBoundary from argument
00:17 +289: C:/Projects/VeraProb/test/domain/sla_audit/audit_package_test.dart: AuditPackage.createDraft derives snapshotIds from report
00:17 +290: C:/Projects/VeraProb/test/domain/sla_audit/audit_package_test.dart: AuditPackage.createDraft denormalizes financial aggregates from report
00:17 +291: C:/Projects/VeraProb/test/domain/sla_audit/audit_package_test.dart: AuditPackage.createDraft throws if organizationId is empty
00:17 +292: C:/Projects/VeraProb/test/domain/sla_audit/audit_package_test.dart: AuditPackage.createDraft throws if periodEnd is before periodStart
00:17 +293: C:/Projects/VeraProb/test/domain/sla_audit/audit_package_test.dart: AuditPackage.createDraft throws if periodStart is not UTC
00:17 +294: C:/Projects/VeraProb/test/domain/sla_audit/audit_package_test.dart: AuditPackage.createDraft schemaVersion is 7.1.0
00:17 +295: C:/Projects/VeraProb/test/domain/sla_audit/audit_package_test.dart: AuditPackage.seal returns NEW instance with status=sealed
00:17 +296: C:/Projects/VeraProb/test/domain/sla_audit/audit_package_test.dart: AuditPackage.seal computes a non-null packageHash
00:17 +297: C:/Projects/VeraProb/test/domain/sla_audit/audit_package_test.dart: AuditPackage.seal same inputs produce byte-identical packageHash (determinism)
00:17 +298: C:/Projects/VeraProb/test/domain/sla_audit/audit_package_test.dart: AuditPackage.seal different reportLedgerBoundary produces different hash
00:17 +299: C:/Projects/VeraProb/test/domain/sla_audit/audit_package_test.dart: AuditPackage.seal preserves all financial fields from draft
00:17 +300: C:/Projects/VeraProb/test/domain/sla_audit/audit_package_test.dart: AuditPackage.seal draft instance is not mutated by seal()
00:17 +301: C:/Projects/VeraProb/test/domain/sla_audit/audit_package_test.dart: AuditPackage.seal throws DomainException if already sealed
00:17 +302: C:/Projects/VeraProb/test/domain/sla_audit/audit_package_test.dart: AuditPackage.seal throws DomainException if superseded
00:17 +303: C:/Projects/VeraProb/test/domain/sla_audit/audit_package_test.dart: AuditPackage.verifyIntegrity returns true for freshly sealed package
00:17 +304: C:/Projects/VeraProb/test/domain/sla_audit/audit_package_test.dart: AuditPackage.verifyIntegrity returns false on draft (no packageHash)
00:17 +305: C:/Projects/VeraProb/test/domain/sla_audit/audit_package_test.dart: AuditPackage.verifyIntegrity returns false when reconstituted with tampered hash
00:17 +306: C:/Projects/VeraProb/test/domain/sla_audit/audit_package_test.dart: AuditPackage.supersede returns new instance with status=superseded
00:17 +307: C:/Projects/VeraProb/test/domain/sla_audit/audit_package_test.dart: AuditPackage.supersede links previousPackageId to the original package
00:17 +308: C:/Projects/VeraProb/test/domain/sla_audit/audit_package_test.dart: AuditPackage.supersede carries the supersession reason
00:17 +309: C:/Projects/VeraProb/test/domain/sla_audit/audit_package_test.dart: AuditPackage.supersede throws DomainException if reason is empty
00:17 +310: C:/Projects/VeraProb/test/domain/sla_audit/audit_package_test.dart: AuditPackage.supersede throws DomainException if already superseded
00:17 +311: C:/Projects/VeraProb/test/domain/sla_audit/audit_package_test.dart: AttestationHeader creates with all required fields
00:17 +312: C:/Projects/VeraProb/test/domain/sla_audit/audit_package_test.dart: AttestationHeader throws if tenantName is empty
00:17 +313: C:/Projects/VeraProb/test/domain/sla_audit/audit_package_test.dart: AttestationHeader throws if reportGeneratedAtUtc is not UTC
00:17 +314: C:/Projects/VeraProb/test/domain/sla_audit/audit_package_test.dart: AttestationHeader legalNotice references CPC Art. 369
00:17 +315: C:/Projects/VeraProb/test/domain/sla_audit/audit_package_test.dart: AttestationHeader evidenceQualityAttribution mentions hardware when rate < 80
00:17 +316: C:/Projects/VeraProb/test/domain/sla_audit/audit_package_test.dart: reportLedgerBoundary semantics max across snapshots is the correct boundary
00:17 +317: C:/Projects/VeraProb/test/domain/sla_audit/canonical_fact_test.dart: CanonicalFact.create() creates valid fact with all fields
00:17 +318: C:/Projects/VeraProb/test/domain/sla_audit/canonical_fact_test.dart: CanonicalFact.create() two create() calls produce different ids (no singleton)
00:17 +319: C:/Projects/VeraProb/test/domain/sla_audit/canonical_fact_test.dart: CanonicalFact.create() assetId may be null (device not yet mapped)
00:17 +320: C:/Projects/VeraProb/test/domain/sla_audit/canonical_fact_test.dart: CanonicalFact.create() optional fields may be null
00:17 +321: C:/Projects/VeraProb/test/domain/sla_audit/canonical_fact_test.dart: UTC invariant (INV-3) throws if receivedAtUtc is not UTC
00:17 +322: C:/Projects/VeraProb/test/domain/sla_audit/canonical_fact_test.dart: UTC invariant (INV-3) throws if gpsTimestamp is not UTC
00:17 +323: C:/Projects/VeraProb/test/domain/sla_audit/canonical_fact_test.dart: Field validation throws on empty organizationId
00:17 +324: C:/Projects/VeraProb/test/domain/sla_audit/canonical_fact_test.dart: Field validation throws on empty rawPayloadId
00:17 +325: C:/Projects/VeraProb/test/domain/sla_audit/canonical_fact_test.dart: Field validation throws on empty deviceId
00:17 +326: C:/Projects/VeraProb/test/domain/sla_audit/canonical_fact_test.dart: Field validation throws on empty sourceAdapter
00:17 +327: C:/Projects/VeraProb/test/domain/sla_audit/canonical_fact_test.dart: Field validation throws on lat < -90
00:17 +328: C:/Projects/VeraProb/test/domain/sla_audit/canonical_fact_test.dart: Field validation throws on lat > 90
00:17 +329: C:/Projects/VeraProb/test/domain/sla_audit/canonical_fact_test.dart: Field validation throws on lng < -180
00:17 +330: C:/Projects/VeraProb/test/domain/sla_audit/canonical_fact_test.dart: Field validation throws on lng > 180
00:17 +331: C:/Projects/VeraProb/test/domain/sla_audit/canonical_fact_test.dart: Field validation throws on negative speedCms
00:17 +332: C:/Projects/VeraProb/test/domain/sla_audit/canonical_fact_test.dart: Field validation throws on headingDegrees < 0
00:17 +333: C:/Projects/VeraProb/test/domain/sla_audit/canonical_fact_test.dart: Field validation throws on headingDegrees > 359
00:17 +334: C:/Projects/VeraProb/test/domain/sla_audit/canonical_fact_test.dart: Field validation throws on negative accuracyMeters
00:17 +335: C:/Projects/VeraProb/test/domain/sla_audit/canonical_fact_test.dart: IoT Chaos Scenarios C1: lateArrival flag ÔÇö fact is eligible for evaluation
00:17 +336: C:/Projects/VeraProb/test/domain/sla_audit/canonical_fact_test.dart: IoT Chaos Scenarios C2: futureTimestamp flag ÔÇö fact is NOT eligible for evaluation
00:17 +337: C:/Projects/VeraProb/test/domain/sla_audit/canonical_fact_test.dart: IoT Chaos Scenarios C5: kinematicAnomaly flag ÔÇö fact is NOT eligible for evaluation
00:17 +338: C:/Projects/VeraProb/test/domain/sla_audit/canonical_fact_test.dart: IoT Chaos Scenarios C6: nullIsland flag ÔÇö (0.0, 0.0) stored, excluded from evaluation
00:18 +339: C:/Projects/VeraProb/test/domain/sla_audit/canonical_fact_test.dart: IoT Chaos Scenarios lowAccuracy flag ÔÇö fact is NOT eligible for evaluation
00:18 +340: C:/Projects/VeraProb/test/domain/sla_audit/canonical_fact_test.dart: Derived properties telemetryLatency is positive for late arrival
00:18 +341: C:/Projects/VeraProb/test/domain/sla_audit/canonical_fact_test.dart: Derived properties isEligibleForEvaluation is true only for ok and lateArrival
00:18 +342: C:/Projects/VeraProb/test/domain/sla_audit/canonical_fact_test.dart: CanonicalFact.reconstitute() preserves all fields including provided id
00:18 +343: C:/Projects/VeraProb/test/domain/sla_audit/canonical_fact_test.dart: Equality two facts with same id are equal
00:18 +344: C:/Projects/VeraProb/test/domain/sla_audit/canonical_fact_test.dart: Equality two create() facts with different ids are not equal
00:18 +345: C:/Projects/VeraProb/test/domain/sla_audit/contractual_execution_state_test.dart: ContractualExecutionState create() initializes with pending status
00:18 +346: C:/Projects/VeraProb/test/domain/sla_audit/contractual_execution_state_test.dart: ContractualExecutionState throws on invalid time window (end <= start)
00:18 +347: C:/Projects/VeraProb/test/domain/sla_audit/contractual_execution_state_test.dart: ContractualExecutionState bindExecution transitions to executed with evidence
00:18 +348: C:/Projects/VeraProb/test/domain/sla_audit/contractual_execution_state_test.dart: ContractualExecutionState bindExecution emits ExecutionBoundEvent
00:18 +349: C:/Projects/VeraProb/test/domain/sla_audit/contractual_execution_state_test.dart: ContractualExecutionState cannot bindExecution after already executed
00:18 +350: C:/Projects/VeraProb/test/domain/sla_audit/contractual_execution_state_test.dart: ContractualExecutionState markNoShow works when window has expired
00:18 +351: C:/Projects/VeraProb/test/domain/sla_audit/contractual_execution_state_test.dart: ContractualExecutionState markNoShow emits NoShowDeclaredEvent
00:18 +352: C:/Projects/VeraProb/test/domain/sla_audit/contractual_execution_state_test.dart: ContractualExecutionState markNoShow rejected before window expires
00:18 +353: C:/Projects/VeraProb/test/domain/sla_audit/contractual_execution_state_test.dart: ContractualExecutionState markEvidenceGap works correctly
00:18 +354: C:/Projects/VeraProb/test/domain/sla_audit/contractual_execution_state_test.dart: ContractualExecutionState markEvidenceGap emits EvidenceGapDeclaredEvent
00:18 +355: C:/Projects/VeraProb/test/domain/sla_audit/contractual_execution_state_test.dart: ContractualExecutionState no transitions allowed after finalization (executed)
00:18 +356: C:/Projects/VeraProb/test/domain/sla_audit/contractual_execution_state_test.dart: ContractualExecutionState no transitions allowed after finalization (noShow)
00:18 +357: C:/Projects/VeraProb/test/domain/sla_audit/contractual_execution_state_test.dart: ContractualExecutionState updateEvaluationTimestamp updates without state change
00:18 +358: C:/Projects/VeraProb/test/domain/sla_audit/contractual_execution_state_test.dart: ContractualExecutionState domainEvents list is unmodifiable
00:18 +359: C:/Projects/VeraProb/test/domain/sla_audit/contractual_execution_state_test.dart: ContractualExecutionState equality based on id only
00:18 +360: C:/Projects/VeraProb/test/domain/sla_audit/contractual_execution_state_test.dart: InMemoryContractualExecutionStateRepository save and findBySetId
00:18 +361: C:/Projects/VeraProb/test/domain/sla_audit/contractual_execution_state_test.dart: InMemoryContractualExecutionStateRepository findBySetId returns null when not found
00:18 +362: C:/Projects/VeraProb/test/domain/sla_audit/contractual_execution_state_test.dart: InMemoryContractualExecutionStateRepository save overwrites existing entry
00:18 +363: C:/Projects/VeraProb/test/domain/sla_audit/contractual_execution_state_test.dart: InMemoryContractualExecutionStateRepository findPendingByContractAndTime filters correctly
00:18 +364: C:/Projects/VeraProb/test/domain/sla_audit/contractual_financial_daily_snapshot_test.dart: ContractualFinancialDailySnapshot creates with correct fields and auto-calculated percentages
00:18 +365: C:/Projects/VeraProb/test/domain/sla_audit/contractual_financial_daily_snapshot_test.dart: ContractualFinancialDailySnapshot normalizes operationalDateUtc to midnight UTC
00:18 +366: C:/Projects/VeraProb/test/domain/sla_audit/contractual_financial_daily_snapshot_test.dart: ContractualFinancialDailySnapshot calculates percentages correctly
00:18 +367: C:/Projects/VeraProb/test/domain/sla_audit/contractual_financial_daily_snapshot_test.dart: ContractualFinancialDailySnapshot handles zero total revenue (no division by zero)
00:18 +368: C:/Projects/VeraProb/test/domain/sla_audit/contractual_financial_daily_snapshot_test.dart: ContractualFinancialDailySnapshot is immutable (Equatable)
00:18 +369: C:/Projects/VeraProb/test/domain/sla_audit/contractual_financial_daily_snapshot_test.dart: ContractualFinancialDailySnapshot riskPercentage calculation
00:18 +370: C:/Projects/VeraProb/test/domain/sla_audit/contract_test.dart: Contract.create creates aggregate in draft status
00:18 +371: C:/Projects/VeraProb/test/domain/sla_audit/contract_test.dart: Contract.create generates non-empty UUID id
00:18 +372: C:/Projects/VeraProb/test/domain/sla_audit/contract_test.dart: Contract.create preserves all supplied fields
00:18 +373: C:/Projects/VeraProb/test/domain/sla_audit/contract_test.dart: Contract.create sets nullable timestamps to null on creation
00:18 +374: C:/Projects/VeraProb/test/domain/sla_audit/contract_test.dart: Contract.create emits exactly one ContractCreatedEvent
00:18 +375: C:/Projects/VeraProb/test/domain/sla_audit/contract_test.dart: Contract.create throws DomainException for empty organizationId
00:18 +376: C:/Projects/VeraProb/test/domain/sla_audit/contract_test.dart: Contract.create throws DomainException for blank name
00:18 +377: C:/Projects/VeraProb/test/domain/sla_audit/contract_test.dart: Contract.create throws DomainException for blank contractorName
00:18 +378: C:/Projects/VeraProb/test/domain/sla_audit/contract_test.dart: Contract.create throws DomainException when validUntil is not after validFrom
00:18 +379: C:/Projects/VeraProb/test/domain/sla_audit/contract_test.dart: Contract.reconstitute does NOT emit domain events
00:19 +380: C:/Projects/VeraProb/test/domain/sla_audit/contract_test.dart: Contract.reconstitute restores all fields including lifecycle timestamps
00:19 +381: C:/Projects/VeraProb/test/domain/sla_audit/contract_test.dart: activate() draft ÔåÆ active transition returns new instance
00:19 +382: C:/Projects/VeraProb/test/domain/sla_audit/contract_test.dart: activate() original draft instance is not mutated
00:19 +383: C:/Projects/VeraProb/test/domain/sla_audit/contract_test.dart: activate() emits ContractActivatedEvent
00:19 +384: C:/Projects/VeraProb/test/domain/sla_audit/contract_test.dart: activate() throws DomainException if already active
00:19 +385: C:/Projects/VeraProb/test/domain/sla_audit/contract_test.dart: activate() throws DomainException if closed
00:19 +386: C:/Projects/VeraProb/test/domain/sla_audit/contract_test.dart: close() active ÔåÆ closed transition
00:19 +387: C:/Projects/VeraProb/test/domain/sla_audit/contract_test.dart: close() draft ÔåÆ closed transition is allowed
00:19 +388: C:/Projects/VeraProb/test/domain/sla_audit/contract_test.dart: close() original instance is not mutated
00:19 +389: C:/Projects/VeraProb/test/domain/sla_audit/contract_test.dart: close() emits ContractClosedEvent
00:19 +390: C:/Projects/VeraProb/test/domain/sla_audit/contract_test.dart: close() throws DomainException if already closed
00:19 +391: C:/Projects/VeraProb/test/domain/sla_audit/contract_test.dart: close() throws DomainException for empty closedByUserId
00:19 +392: C:/Projects/VeraProb/test/domain/sla_audit/contract_test.dart: close() throws DomainException for blank reason
00:19 +393: C:/Projects/VeraProb/test/domain/sla_audit/contract_test.dart: assertCanReceivePlan() does not throw for draft
00:19 +394: C:/Projects/VeraProb/test/domain/sla_audit/contract_test.dart: assertCanReceivePlan() does not throw for active
00:19 +395: C:/Projects/VeraProb/test/domain/sla_audit/contract_test.dart: assertCanReceivePlan() throws DomainException for closed
00:19 +396: C:/Projects/VeraProb/test/domain/sla_audit/contract_test.dart: Equatable two reconstituted contracts with same data are equal
00:19 +397: C:/Projects/VeraProb/test/domain/sla_audit/contract_test.dart: Equatable two different contracts are not equal
00:19 +398: C:/Projects/VeraProb/test/domain/sla_audit/operational_zone_test.dart: OperationalZone.create gera UUID v4
00:19 +399: C:/Projects/VeraProb/test/domain/sla_audit/operational_zone_test.dart: OperationalZone.create preserva campos incluindo contractorLabel
00:19 +400: C:/Projects/VeraProb/test/domain/sla_audit/operational_zone_test.dart: OperationalZone.create trim e null de contractorLabel vazio
00:19 +401: C:/Projects/VeraProb/test/domain/sla_audit/operational_zone_test.dart: OperationalZone.create lan├ºa DomainException se name vazio
00:19 +402: C:/Projects/VeraProb/test/domain/sla_audit/operational_zone_test.dart: OperationalZone.create lan├ºa DomainException se name > 100 chars
00:19 +403: C:/Projects/VeraProb/test/domain/sla_audit/operational_zone_test.dart: OperationalZone.create lan├ºa DomainException se lat fora de [-90, 90]
00:19 +404: C:/Projects/VeraProb/test/domain/sla_audit/operational_zone_test.dart: OperationalZone.create lan├ºa DomainException se lng fora de [-180, 180]
00:19 +405: C:/Projects/VeraProb/test/domain/sla_audit/operational_zone_test.dart: OperationalZone.create lan├ºa DomainException se radius <= 0 ou > 50000
00:19 +406: C:/Projects/VeraProb/test/domain/sla_audit/operational_zone_test.dart: OperationalZone.create aceita geofence null (sem bloco)
00:19 +407: C:/Projects/VeraProb/test/domain/sla_audit/operational_zone_test.dart: ZoneScope getter zona sem contractorLabel tem scope global
00:19 +408: C:/Projects/VeraProb/test/domain/sla_audit/operational_zone_test.dart: ZoneScope getter zona com contractorLabel tem scope exclusive
00:19 +409: C:/Projects/VeraProb/test/domain/sla_audit/operational_zone_test.dart: ZoneScope getter contractorLabel vazio (normalizado para null) ÔåÆ scope global
00:19 +410: C:/Projects/VeraProb/test/domain/sla_audit/operational_zone_test.dart: OperationalZone.reconstitute n├úo revalida
00:19 +411: C:/Projects/VeraProb/test/domain/sla_audit/plan_declaration_test.dart: ContractualServiceExecution create() produces entity with deterministic SET
00:19 +412: C:/Projects/VeraProb/test/domain/sla_audit/plan_declaration_test.dart: ContractualServiceExecution different inputs produce different SETs
00:19 +413: C:/Projects/VeraProb/test/domain/sla_audit/plan_declaration_test.dart: ContractualServiceExecution equality is based exclusively on setId
00:19 +414: C:/Projects/VeraProb/test/domain/sla_audit/plan_declaration_test.dart: ContractualServiceExecution throws on scheduledEndTimeUtc <= scheduledStartTimeUtc
00:19 +415: C:/Projects/VeraProb/test/domain/sla_audit/plan_declaration_test.dart: ContractualServiceExecution throws on invalid startLatitude
00:19 +416: C:/Projects/VeraProb/test/domain/sla_audit/plan_declaration_test.dart: ContractualServiceExecution throws on invalid endLatitude
00:19 +417: C:/Projects/VeraProb/test/domain/sla_audit/plan_declaration_test.dart: ContractualServiceExecution throws on invalid startLongitude
00:19 +418: C:/Projects/VeraProb/test/domain/sla_audit/plan_declaration_test.dart: ContractualServiceExecution throws on invalid endLongitude
00:19 +419: C:/Projects/VeraProb/test/domain/sla_audit/plan_declaration_test.dart: ContractualServiceExecution throws on startRadiusMeters <= 0
00:19 +420: C:/Projects/VeraProb/test/domain/sla_audit/plan_declaration_test.dart: ContractualServiceExecution throws on endRadiusMeters <= 0
00:19 +421: C:/Projects/VeraProb/test/domain/sla_audit/plan_declaration_test.dart: PlanDeclaration create() produces aggregate with correct fields
00:19 +422: C:/Projects/VeraProb/test/domain/sla_audit/plan_declaration_test.dart: PlanDeclaration create() emits exactly one ContractualPlanDeclaredEvent
00:19 +423: C:/Projects/VeraProb/test/domain/sla_audit/plan_declaration_test.dart: PlanDeclaration emitted event contains correct fields
00:19 +424: C:/Projects/VeraProb/test/domain/sla_audit/plan_declaration_test.dart: PlanDeclaration throws on empty contractId
00:19 +425: C:/Projects/VeraProb/test/domain/sla_audit/plan_declaration_test.dart: PlanDeclaration throws on empty declaredByUserId
00:19 +426: C:/Projects/VeraProb/test/domain/sla_audit/plan_declaration_test.dart: PlanDeclaration throws on empty originalFileHash
00:19 +427: C:/Projects/VeraProb/test/domain/sla_audit/plan_declaration_test.dart: PlanDeclaration throws on empty services list
00:19 +428: C:/Projects/VeraProb/test/domain/sla_audit/plan_declaration_test.dart: PlanDeclaration throws on duplicate SET in services
00:19 +429: C:/Projects/VeraProb/test/domain/sla_audit/plan_declaration_test.dart: PlanDeclaration throws on future declaredAtUtc
00:19 +430: C:/Projects/VeraProb/test/domain/sla_audit/plan_declaration_test.dart: PlanDeclaration services list is unmodifiable externally
00:19 +431: C:/Projects/VeraProb/test/domain/sla_audit/plan_declaration_test.dart: PlanDeclaration domainEvents list is unmodifiable externally
00:19 +432: C:/Projects/VeraProb/test/domain/sla_audit/plan_declaration_test.dart: PlanDeclaration accepts multiple unique services
00:19 +433: C:/Projects/VeraProb/test/domain/sla_audit/shadow_mode_simulation_test.dart: ShadowModeSimulation.compute ÔÇö ROI calculation simulatedLostRevenue = actualLost ├ù (1 ÔêÆ disputeRate/100)
00:19 +434: C:/Projects/VeraProb/test/domain/sla_audit/shadow_mode_simulation_test.dart: ShadowModeSimulation.compute ÔÇö ROI calculation revenueProtectedByPlatform includes manual enforcement savings
00:19 +435: C:/Projects/VeraProb/test/domain/sla_audit/shadow_mode_simulation_test.dart: ShadowModeSimulation.compute ÔÇö ROI calculation roiPercentage = (protected / subscriptionCost) ├ù 100
00:20 +436: C:/Projects/VeraProb/test/domain/sla_audit/shadow_mode_simulation_test.dart: ShadowModeSimulation.compute ÔÇö ROI calculation roiPercentage is 0 when subscription cost is 0
00:20 +437: C:/Projects/VeraProb/test/domain/sla_audit/shadow_mode_simulation_test.dart: ShadowModeSimulation.compute ÔÇö ROI calculation same inputs produce same results (idempotency)
00:20 +438: C:/Projects/VeraProb/test/domain/sla_audit/shadow_mode_simulation_test.dart: ShadowModeSimulation.compute ÔÇö ROI calculation zero dispute rate means operator recovers nothing without platform
00:20 +439: C:/Projects/VeraProb/test/domain/sla_audit/shadow_mode_simulation_test.dart: ShadowModeSimulation.compute ÔÇö ROI calculation 100% dispute rate means without platform zero recovery (full exposure)
00:20 +440: C:/Projects/VeraProb/test/domain/sla_audit/shadow_mode_simulation_test.dart: ShadowModeSimulation.compute ÔÇö validation throws if organizationId is empty
00:20 +441: C:/Projects/VeraProb/test/domain/sla_audit/shadow_mode_simulation_test.dart: ShadowModeSimulation.compute ÔÇö validation throws if baselineDisputeRate > 100
00:20 +442: C:/Projects/VeraProb/test/domain/sla_audit/shadow_mode_simulation_test.dart: ShadowModeSimulation.compute ÔÇö validation throws if evidenceQualityRate < 0
00:20 +443: C:/Projects/VeraProb/test/domain/sla_audit/shadow_mode_simulation_test.dart: ShadowModeSimulation.compute ÔÇö validation throws if any DateTime is not UTC
00:20 +444: C:/Projects/VeraProb/test/domain/sla_audit/shadow_mode_simulation_test.dart: ShadowModeSimulation.evidenceQualityAttribution excellent text when evidenceQualityRate >= 95
00:20 +445: C:/Projects/VeraProb/test/domain/sla_audit/shadow_mode_simulation_test.dart: ShadowModeSimulation.evidenceQualityAttribution adequate text when 80 <= evidenceQualityRate < 95
00:20 +446: C:/Projects/VeraProb/test/domain/sla_audit/shadow_mode_simulation_test.dart: ShadowModeSimulation.evidenceQualityAttribution warning text when evidenceQualityRate < 80 ÔÇö attributes to hardware
00:20 +447: C:/Projects/VeraProb/test/domain/sla_audit/shadow_mode_simulation_test.dart: ShadowModeSimulation.evidenceQualityAttribution attribution text never blames veraprob for hardware issues
00:20 +448: C:/Projects/VeraProb/test/domain/sla_audit/sla_penalties_test.dart: SLAPenalties should create with valid parameters (including gracePeriodMinutes)
00:20 +449: C:/Projects/VeraProb/test/domain/sla_audit/sla_penalties_test.dart: SLAPenalties should default gracePeriodMinutes to 0
00:20 +450: C:/Projects/VeraProb/test/domain/sla_audit/sla_penalties_test.dart: SLAPenalties should throw DomainException for negative gracePeriodMinutes
00:20 +451: C:/Projects/VeraProb/test/domain/sla_audit/sla_penalties_test.dart: SLAPenalties serialization round-trip serialization keeps gracePeriodMinutes
00:20 +452: C:/Projects/VeraProb/test/domain/sla_audit/sla_penalties_test.dart: SLAPenalties serialization fromJson should support missing gracePeriodMinutes (backward compat)
00:20 +453: C:/Projects/VeraProb/test/domain/sla_audit/sla_template_test.dart: SlaTemplate.create gera UUID v4
00:20 +454: C:/Projects/VeraProb/test/domain/sla_audit/sla_template_test.dart: SlaTemplate.create preserva campos
00:20 +455: C:/Projects/VeraProb/test/domain/sla_audit/sla_template_test.dart: SlaTemplate.create lan├ºa DomainException se name vazio
00:20 +456: C:/Projects/VeraProb/test/domain/sla_audit/sla_template_test.dart: SlaTemplate.create lan├ºa DomainException se name > 100 chars
00:20 +457: C:/Projects/VeraProb/test/domain/sla_audit/sla_template_test.dart: SlaTemplate.create lan├ºa DomainException se organizationId vazio
00:20 +458: C:/Projects/VeraProb/test/domain/sla_audit/sla_template_test.dart: SlaTemplate.reconstitute n├úo revalida (aceita name vazio)
00:21 +459: C:/Projects/VeraProb/test/domain/sla_audit/spoofing_detector_test.dart: SpoofingDetector legitimate movement returns zero risk
00:21 +460: C:/Projects/VeraProb/test/domain/sla_audit/spoofing_detector_test.dart: SpoofingDetector static position while moving (speed > 0) triggers signal
00:21 +461: C:/Projects/VeraProb/test/domain/sla_audit/spoofing_detector_test.dart: SpoofingDetector zero entropy accuracy triggers signal
00:21 +462: C:/Projects/VeraProb/test/domain/sla_audit/spoofing_detector_test.dart: SpoofingDetector perfect linear trajectory (constant heading) triggers signal
00:21 +463: C:/Projects/VeraProb/test/domain/sla_audit/spoofing_detector_test.dart: SpoofingDetector multiple signals combine to exceed threshold
00:21 +464: C:/Projects/VeraProb/test/domain/sla_audit/spoofing_detector_test.dart: SpoofingDetector insufficient data returns zero risk
00:21 +465: C:/Projects/VeraProb/test/domain/sla_audit/week_cycle_test.dart: WeekCycle toJson / fromJson round-trip all values serialize and deserialize correctly
00:21 +466: C:/Projects/VeraProb/test/domain/sla_audit/week_cycle_test.dart: WeekCycle toJson / fromJson round-trip null input defaults to everyWeek (backward compat)
00:21 +467: C:/Projects/VeraProb/test/domain/sla_audit/week_cycle_test.dart: WeekCycle toJson / fromJson round-trip unknown string defaults to everyWeek (backward compat)
00:21 +468: C:/Projects/VeraProb/test/domain/sla_audit/week_cycle_test.dart: WeekCycle enum index for modular arithmetic everyWeek.index is 0
00:21 +469: C:/Projects/VeraProb/test/domain/sla_audit/week_cycle_test.dart: WeekCycle enum index for modular arithmetic weekA.index - 1 == 0
00:21 +470: C:/Projects/VeraProb/test/domain/sla_audit/week_cycle_test.dart: WeekCycle enum index for modular arithmetic weekB.index - 1 == 1
00:21 +471: C:/Projects/VeraProb/test/domain/sla_audit/week_cycle_test.dart: WeekCycle enum index for modular arithmetic weekC.index - 1 == 2
00:21 +472: C:/Projects/VeraProb/test/domain/sla_audit/week_cycle_test.dart: WeekCycle enum index for modular arithmetic weekD.index - 1 == 3
00:21 +473: C:/Projects/VeraProb/test/e2e/multi_tenant_validation_test.dart: Multi-Tenant Validation Scenarios (setUpAll)
00:21 +473: C:/Projects/VeraProb/test/e2e/multi_tenant_validation_test.dart: Multi-Tenant Validation Scenarios 1. Dual Organization Simulation & 4. Ledger Event Integrity
00:21 +474: C:/Projects/VeraProb/test/e2e/multi_tenant_validation_test.dart: Multi-Tenant Validation Scenarios (tearDownAll)
00:22 +474: C:/Projects/VeraProb/test/e2e/sla_audit_e2e_postgres_test.dart: SLA Audit E2E (skipped ÔÇö no Supabase credentials)
  Skip: Set SUPABASE_URL and SUPABASE_KEY via --dart-define to run E2E tests.
00:22 +474 ~1: C:/Projects/VeraProb/test/features/admin/presentation/dashboard_screen_test.dart: DashboardScreen renders all sections
00:23 +475 ~1: C:/Projects/VeraProb/test/features/admin/presentation/drivers_screen_test.dart: DriversScreen renders Empty State when no drivers
00:23 +476 ~1: C:/Projects/VeraProb/test/features/admin/presentation/drivers_screen_test.dart: DriversScreen renders Empty State when no drivers
00:23 +477 ~1: C:/Projects/VeraProb/test/features/admin/presentation/drivers_screen_test.dart: DriversScreen renders Empty State when no drivers
00:23 +478 ~1: C:/Projects/VeraProb/test/features/admin/presentation/drivers_screen_test.dart: DriversScreen renders Empty State when no drivers
00:23 +479 ~1: C:/Projects/VeraProb/test/features/admin/presentation/drivers_screen_test.dart: DriversScreen renders Empty State when no drivers
00:23 +480 ~1: C:/Projects/VeraProb/test/features/admin/presentation/drivers_screen_test.dart: DriversScreen renders Empty State when no drivers
00:23 +481 ~1: C:/Projects/VeraProb/test/features/admin/presentation/drivers_screen_test.dart: DriversScreen renders Empty State when no drivers
00:23 +482 ~1: C:/Projects/VeraProb/test/features/admin/presentation/drivers_screen_test.dart: DriversScreen renders Empty State when no drivers
00:23 +483 ~1: C:/Projects/VeraProb/test/features/admin/presentation/drivers_screen_test.dart: DriversScreen renders Empty State when no drivers
00:23 +484 ~1: C:/Projects/VeraProb/test/features/admin/presentation/drivers_screen_test.dart: DriversScreen renders Empty State when no drivers
00:23 +485 ~1: C:/Projects/VeraProb/test/features/admin/presentation/drivers_screen_test.dart: DriversScreen renders Empty State when no drivers
00:23 +486 ~1: C:/Projects/VeraProb/test/features/admin/presentation/timecard_reports_screen_test.dart: TimecardReportsScreen renders empty table when no data
00:24 +487 ~1: C:/Projects/VeraProb/test/features/admin/presentation/widgets/zone_type_ahead_field_test.dart: ZoneTypeAheadField widget renderiza com o label correto
00:24 +488 ~1: C:/Projects/VeraProb/test/features/admin/presentation/widgets/zone_type_ahead_field_test.dart: ZoneTypeAheadField widget renderiza com o label correto
00:24 +489 ~1: C:/Projects/VeraProb/test/features/admin/presentation/widgets/zone_type_ahead_field_test.dart: ZoneTypeAheadField widget renderiza com o label correto
00:24 +490 ~1: C:/Projects/VeraProb/test/features/admin/presentation/widgets/zone_type_ahead_field_test.dart: ZoneTypeAheadField widget renderiza com o label correto
00:24 +490 ~1: C:/Projects/VeraProb/test/features/shared/data/repositories/vehicle_repository_test.dart: VehicleRepository sendVehiclePosition completes without throwing
­ƒÜÇ UPLOAD [driver_app_gps] Trip trip_send: -23.55, -46.63
00:24 +491 ~1: C:/Projects/VeraProb/test/features/admin/presentation/widgets/zone_type_ahead_field_test.dart: ZoneTypeAheadField widget renderiza com o label correto
00:24 +491 ~1: C:/Projects/VeraProb/test/features/shared/data/repositories/vehicle_repository_test.dart: VehicleRepository sendVehiclePosition handles null optional fields
­ƒÜÇ UPLOAD [driver_app_gps] Trip trip_nulls: -23.55, -46.63
00:24 +492 ~1: C:/Projects/VeraProb/test/features/admin/presentation/widgets/zone_type_ahead_field_test.dart: ZoneTypeAheadField widget renderiza com o label correto
00:24 +493 ~1: C:/Projects/VeraProb/test/features/admin/presentation/widgets/zone_type_ahead_field_test.dart: ZoneTypeAheadField widget renderiza com o label correto
00:24 +494 ~1: C:/Projects/VeraProb/test/features/admin/presentation/widgets/zone_type_ahead_field_test.dart: ZoneTypeAheadField widget renderiza com o label correto
00:24 +495 ~1: C:/Projects/VeraProb/test/features/admin/presentation/widgets/zone_type_ahead_field_test.dart: ZoneTypeAheadField widget renderiza com o label correto
00:24 +496 ~1: C:/Projects/VeraProb/test/features/admin/presentation/widgets/zone_type_ahead_field_test.dart: ZoneTypeAheadField widget renderiza com o label correto
00:24 +497 ~1: C:/Projects/VeraProb/test/features/admin/presentation/widgets/zone_type_ahead_field_test.dart: ZoneTypeAheadField widget renderiza com o label correto
00:24 +498 ~1: C:/Projects/VeraProb/test/features/admin/presentation/widgets/zone_type_ahead_field_test.dart: ZoneTypeAheadField widget renderiza com o label correto
00:24 +499 ~1: C:/Projects/VeraProb/test/features/admin/presentation/widgets/zone_type_ahead_field_test.dart: ZoneTypeAheadField widget renderiza com o label correto
00:24 +500 ~1: C:/Projects/VeraProb/test/features/admin/presentation/widgets/zone_type_ahead_field_test.dart: ZoneTypeAheadField widget renderiza com o label correto
00:24 +501 ~1: C:/Projects/VeraProb/test/features/admin/presentation/drivers_screen_test.dart: DriversScreen Delete Driver flow
00:24 +502 ~1: C:/Projects/VeraProb/test/features/admin/presentation/drivers_screen_test.dart: DriversScreen Delete Driver flow
00:24 +503 ~1: C:/Projects/VeraProb/test/features/admin/presentation/drivers_screen_test.dart: DriversScreen Delete Driver flow
00:25 +504 ~1: C:/Projects/VeraProb/test/features/admin/presentation/drivers_screen_test.dart: DriversScreen Delete Driver flow
00:25 +505 ~1: C:/Projects/VeraProb/test/features/admin/presentation/widgets/zone_type_ahead_field_test.dart: ZoneTypeAheadField widget bot├úo "Configurar Geofence" n├úo aparece quando geofence configurado
00:25 +506 ~1: C:/Projects/VeraProb/test/features/admin/presentation/drivers_screen_test.dart: DriversScreen Search filters drivers
00:25 +507 ~1: C:/Projects/VeraProb/test/features/admin/presentation/drivers_screen_test.dart: DriversScreen Search filters drivers
00:25 +508 ~1: C:/Projects/VeraProb/test/features/admin/presentation/drivers_screen_test.dart: DriversScreen Search filters drivers
00:25 +509 ~1: C:/Projects/VeraProb/test/features/admin/presentation/widgets/zone_type_ahead_field_test.dart: ZoneTypeAheadField widget bot├úo "+ Criar zona X" aparece ap├│s digitar nome inexistente
00:25 +510 ~1: C:/Projects/VeraProb/test/features/admin/presentation/drivers_screen_test.dart: DriversScreen Form validation prevents empty fields
00:25 +511 ~1: C:/Projects/VeraProb/test/features/admin/presentation/widgets/zone_type_ahead_field_test.dart: ZoneTypeAheadField widget bot├úo "+ Criar" n├úo aparece quando texto corresponde exatamente a zona existente
00:25 +512 ~1: C:/Projects/VeraProb/test/features/admin/presentation/widgets/zone_type_ahead_field_test.dart: ZoneTypeAheadField widget bot├úo "+ Criar" n├úo aparece quando texto corresponde exatamente a zona existente
00:25 +513 ~1: C:/Projects/VeraProb/test/features/admin/presentation/widgets/zone_type_ahead_field_test.dart: ZoneTypeAheadField widget bot├úo "+ Criar" n├úo aparece quando texto corresponde exatamente a zona existente
00:25 +514 ~1: C:/Projects/VeraProb/test/features/admin/presentation/widgets/zone_type_ahead_field_test.dart: ZoneTypeAheadField widget bot├úo "+ Criar" n├úo aparece quando texto corresponde exatamente a zona existente
00:25 +515 ~1: C:/Projects/VeraProb/test/features/admin/presentation/widgets/zone_type_ahead_field_test.dart: ZoneTypeAheadField widget bot├úo "+ Criar" n├úo aparece quando texto corresponde exatamente a zona existente
00:25 +516 ~1: C:/Projects/VeraProb/test/features/admin/presentation/widgets/zone_type_ahead_field_test.dart: ZoneTypeAheadField widget bot├úo "+ Criar" n├úo aparece quando texto corresponde exatamente a zona existente
00:25 +517 ~1: C:/Projects/VeraProb/test/features/shared/providers_test.dart: Provider Definitions searchQueryStreamProvider emits empty string initially
00:25 +518 ~1: C:/Projects/VeraProb/test/features/admin/presentation/widgets/zone_type_ahead_field_test.dart: ZoneTypeAheadField widget zona com contractorLabel igual a contractorName exibe badge no overlay
00:25 +519 ~1: C:/Projects/VeraProb/test/features/admin/presentation/widgets/zone_type_ahead_field_test.dart: ZoneTypeAheadField widget zona com contractorLabel igual a contractorName exibe badge no overlay
00:25 +520 ~1: C:/Projects/VeraProb/test/features/admin/presentation/widgets/zone_type_ahead_field_test.dart: ZoneTypeAheadField widget zona com contractorLabel igual a contractorName exibe badge no overlay
00:25 +521 ~1: C:/Projects/VeraProb/test/features/stops/data/repositories/bus_stop_repository_test.dart: BusStopRepository getNearbyStops should return a non-empty list
00:26 +522 ~1: C:/Projects/VeraProb/test/features/stops/data/repositories/bus_stop_repository_test.dart: BusStopRepository getNearbyStops should return a non-empty list
00:26 +523 ~1: C:/Projects/VeraProb/test/features/stops/data/repositories/bus_stop_repository_test.dart: BusStopRepository getNearbyStops should return a non-empty list
00:26 +524 ~1: C:/Projects/VeraProb/test/features/stops/data/repositories/bus_stop_repository_test.dart: BusStopRepository getNearbyStops should return a non-empty list
00:26 +525 ~1: C:/Projects/VeraProb/test/features/stops/data/repositories/bus_stop_repository_test.dart: BusStopRepository getNearbyStops should return a non-empty list
00:26 +526 ~1: C:/Projects/VeraProb/test/features/stops/data/repositories/bus_stop_repository_test.dart: BusStopRepository getNearbyStops should return a non-empty list
00:26 +527 ~1: C:/Projects/VeraProb/test/features/stops/data/repositories/bus_stop_repository_test.dart: BusStopRepository getNearbyStops should return a non-empty list
00:26 +528 ~1: C:/Projects/VeraProb/test/features/stops/data/repositories/bus_stop_repository_test.dart: BusStopRepository getNearbyStops should return BusStop instances
00:26 +529 ~1: C:/Projects/VeraProb/test/features/stops/data/repositories/bus_stop_repository_test.dart: BusStopRepository getNearbyStops should return BusStop instances
00:26 +530 ~1: C:/Projects/VeraProb/test/features/stops/data/repositories/bus_stop_repository_test.dart: BusStopRepository getNearbyStops should return BusStop instances
00:26 +531 ~1: C:/Projects/VeraProb/test/features/stops/data/repositories/bus_stop_repository_test.dart: BusStopRepository getNearbyStops should return exactly 4 mock stops
00:27 +532 ~1: C:/Projects/VeraProb/test/features/stops/data/repositories/bus_stop_repository_test.dart: BusStopRepository getNearbyStops should return exactly 4 mock stops
00:27 +533 ~1: C:/Projects/VeraProb/test/features/stops/data/repositories/bus_stop_repository_test.dart: BusStopRepository getNearbyStops should return exactly 4 mock stops
00:27 +534 ~1: C:/Projects/VeraProb/test/features/stops/data/repositories/bus_stop_repository_test.dart: BusStopRepository all stops should have non-empty names
00:27 +535 ~1: C:/Projects/VeraProb/test/features/stops/data/repositories/bus_stop_repository_test.dart: BusStopRepository all stops should have non-empty names
00:27 +536 ~1: C:/Projects/VeraProb/test/features/stops/data/repositories/bus_stop_repository_test.dart: BusStopRepository all stops should have non-empty names
00:27 +537 ~1: C:/Projects/VeraProb/test/infrastructure/postgres/execution_state_repository_postgres_test.dart: FASE 5 - Execution State Repository Postgres Tests (execution_states) (setUpAll)
supabase.supabase_flutter: INFO: ***** Supabase init completed ***** 
00:28 +537 ~1: C:/Projects/VeraProb/test/features/stops/data/repositories/bus_stop_repository_test.dart: BusStopRepository all stops should have valid coordinates
00:28 +538 ~1: C:/Projects/VeraProb/test/infrastructure/postgres/financial_snapshot_repository_postgres_test.dart: FASE 5 - Financial Snapshot Repository Postgres Tests (contractual_financial_snapshot) (setUpAll)
00:28 +538 ~1 -1: C:/Projects/VeraProb/test/infrastructure/postgres/financial_snapshot_repository_postgres_test.dart: FASE 5 - Financial Snapshot Repository Postgres Tests (contractual_financial_snapshot) (setUpAll)
00:28 +538 ~1 -1: C:/Projects/VeraProb/test/infrastructure/postgres/execution_state_repository_postgres_test.dart: FASE 5 - Execution State Repository Postgres Tests (execution_states) 1. Insert and full domain reconstitution cycle works [E]
  PostgrestException(message: {"code":"PGRST301","details":"None of the keys was able to decode the JWT","hint":null,"message":"No suitable key or wrong key type"}, code: 401, details: Unauthorized, hint: null)
  package:postgrest/src/postgrest_builder.dart 299:7                                PostgrestBuilder._parseResponse
  package:postgrest/src/postgrest_builder.dart 174:14                               PostgrestBuilder._execute
  ===== asynchronous gap ===========================
  dart:async                                                                        _CustomZone.registerBinaryCallback
  test\infrastructure\postgres\execution_state_repository_postgres_test.dart 58:23  main.<fn>.<fn>.<fn>
  package:matcher                                                                   expect
  package:flutter_test/src/widget_tester.dart 473:18                                expect
  test\infrastructure\postgres\execution_state_repository_postgres_test.dart 57:9   main.<fn>.<fn>
  
  PostgrestException(message: {"code":"PGRST301","details":"None of the keys was able to decode the JWT","hint":null,"message":"No suitable key or wrong key type"}, code: 401, details: Unauthorized, hint: null)
  package:postgrest/src/postgrest_builder.dart 299:7   PostgrestBuilder._parseResponse
  package:postgrest/src/postgrest_builder.dart 174:14  PostgrestBuilder._execute
  
00:28 +538 ~1 -2: C:/Projects/VeraProb/test/infrastructure/postgres/financial_snapshot_repository_postgres_test.dart: FASE 5 - Financial Snapshot Repository Postgres Tests (contractual_financial_snapshot) (setUpAll)
00:28 +538 ~1 -2: C:/Projects/VeraProb/test/infrastructure/postgres/execution_state_repository_postgres_test.dart: FASE 5 - Execution State Repository Postgres Tests (execution_states) 2. Finding Active By Contract returns properly saved aggregate [E]
  PostgrestException(message: {"code":"PGRST301","details":"None of the keys was able to decode the JWT","hint":null,"message":"No suitable key or wrong key type"}, code: 401, details: Unauthorized, hint: null)
  package:postgrest/src/postgrest_builder.dart 299:7   PostgrestBuilder._parseResponse
  package:postgrest/src/postgrest_builder.dart 174:14  PostgrestBuilder._execute
  
00:28 +538 ~1 -2: C:/Projects/VeraProb/test/infrastructure/postgres/financial_snapshot_repository_postgres_test.dart: FASE 5 - Financial Snapshot Repository Postgres Tests (contractual_financial_snapshot) (setUpAll)
supabase.supabase_flutter: INFO: ***** Supabase init completed ***** 
00:28 +538 ~1 -2: C:/Projects/VeraProb/test/infrastructure/postgres/ledger_repository_postgres_test.dart: FASE 5 - Ledger Repository Postgres Tests (sla_audit_ledger) (setUpAll)
00:28 +538 ~1 -3: C:/Projects/VeraProb/test/infrastructure/postgres/ledger_repository_postgres_test.dart: FASE 5 - Ledger Repository Postgres Tests (sla_audit_ledger) (setUpAll)
00:28 +539 ~1 -3: C:/Projects/VeraProb/test/infrastructure/postgres/ledger_repository_postgres_test.dart: FASE 5 - Ledger Repository Postgres Tests (sla_audit_ledger) (setUpAll)
00:28 +540 ~1 -3: C:/Projects/VeraProb/test/infrastructure/postgres/ledger_repository_postgres_test.dart: FASE 5 - Ledger Repository Postgres Tests (sla_audit_ledger) (setUpAll)
00:28 +541 ~1 -3: C:/Projects/VeraProb/test/infrastructure/postgres/ledger_repository_postgres_test.dart: FASE 5 - Ledger Repository Postgres Tests (sla_audit_ledger) (setUpAll)
00:28 +542 ~1 -3: C:/Projects/VeraProb/test/infrastructure/postgres/ledger_repository_postgres_test.dart: FASE 5 - Ledger Repository Postgres Tests (sla_audit_ledger) (setUpAll)
00:28 +543 ~1 -3: C:/Projects/VeraProb/test/infrastructure/postgres/ledger_repository_postgres_test.dart: FASE 5 - Ledger Repository Postgres Tests (sla_audit_ledger) (setUpAll)
00:28 +544 ~1 -3: C:/Projects/VeraProb/test/infrastructure/postgres/ledger_repository_postgres_test.dart: FASE 5 - Ledger Repository Postgres Tests (sla_audit_ledger) (setUpAll)
00:28 +545 ~1 -3: C:/Projects/VeraProb/test/infrastructure/postgres/ledger_repository_postgres_test.dart: FASE 5 - Ledger Repository Postgres Tests (sla_audit_ledger) (setUpAll)
00:28 +546 ~1 -3: C:/Projects/VeraProb/test/infrastructure/postgres/ledger_repository_postgres_test.dart: FASE 5 - Ledger Repository Postgres Tests (sla_audit_ledger) (setUpAll)
00:28 +546 ~1 -3: C:/Projects/VeraProb/test/infrastructure/postgres/financial_snapshot_repository_postgres_test.dart: FASE 5 - Financial Snapshot Repository Postgres Tests (contractual_financial_snapshot) 1. Create and reconstitute a new snapshot works correctly [E]
  PostgrestException(message: No suitable key or wrong key type, code: PGRST301, details: None of the keys was able to decode the JWT, hint: null)
  package:postgrest/src/postgrest_builder.dart 299:7   PostgrestBuilder._parseResponse
  package:postgrest/src/postgrest_builder.dart 174:14  PostgrestBuilder._execute
  
  PostgrestException(message: No suitable key or wrong key type, code: PGRST301, details: None of the keys was able to decode the JWT, hint: null)
  package:postgrest/src/postgrest_builder.dart 299:7                                   PostgrestBuilder._parseResponse
  package:postgrest/src/postgrest_builder.dart 174:14                                  PostgrestBuilder._execute
  ===== asynchronous gap ===========================
  dart:async                                                                           _CustomZone.registerBinaryCallback
  test\infrastructure\postgres\financial_snapshot_repository_postgres_test.dart 55:25  main.<fn>.<fn>.<fn>
  package:matcher                                                                      expect
  package:flutter_test/src/widget_tester.dart 473:18                                   expect
  test\infrastructure\postgres\financial_snapshot_repository_postgres_test.dart 54:11  main.<fn>.<fn>
  
00:28 +546 ~1 -4: C:/Projects/VeraProb/test/infrastructure/postgres/ledger_repository_postgres_test.dart: FASE 5 - Ledger Repository Postgres Tests (sla_audit_ledger) (setUpAll)
00:28 +546 ~1 -4: C:/Projects/VeraProb/test/infrastructure/postgres/financial_snapshot_repository_postgres_test.dart: FASE 5 - Financial Snapshot Repository Postgres Tests (contractual_financial_snapshot) 2. Snapshot chain linking properly resolves superseded logic without destroying old data [E]
  PostgrestException(message: No suitable key or wrong key type, code: PGRST301, details: None of the keys was able to decode the JWT, hint: null)
  package:postgrest/src/postgrest_builder.dart 299:7   PostgrestBuilder._parseResponse
  package:postgrest/src/postgrest_builder.dart 174:14  PostgrestBuilder._execute
  
00:28 +546 ~1 -4: C:/Projects/VeraProb/test/infrastructure/postgres/ledger_repository_postgres_test.dart: FASE 5 - Ledger Repository Postgres Tests (sla_audit_ledger) (setUpAll)
supabase.supabase_flutter: INFO: ***** Supabase init completed ***** 
00:28 +546 ~1 -4: C:/Projects/VeraProb/test/infrastructure/postgres/ledger_repository_postgres_test.dart: FASE 5 - Ledger Repository Postgres Tests (sla_audit_ledger) 1. Append entry (append-only via repository) works smoothly
00:28 +547 ~1 -4: C:/Projects/VeraProb/test/infrastructure/postgres/ledger_repository_postgres_test.dart: FASE 5 - Ledger Repository Postgres Tests (sla_audit_ledger) 1. Append entry (append-only via repository) works smoothly
00:29 +548 ~1 -4: C:/Projects/VeraProb/test/infrastructure/postgres/ledger_repository_postgres_test.dart: FASE 5 - Ledger Repository Postgres Tests (sla_audit_ledger) 1. Append entry (append-only via repository) works smoothly
00:29 +549 ~1 -4: C:/Projects/VeraProb/test/infrastructure/postgres/ledger_repository_postgres_test.dart: FASE 5 - Ledger Repository Postgres Tests (sla_audit_ledger) 1. Append entry (append-only via repository) works smoothly
00:29 +550 ~1 -4: C:/Projects/VeraProb/test/infrastructure/postgres/ledger_repository_postgres_test.dart: FASE 5 - Ledger Repository Postgres Tests (sla_audit_ledger) 1. Append entry (append-only via repository) works smoothly
00:29 +550 ~1 -5: C:/Projects/VeraProb/test/infrastructure/sla_audit/telemetry_evidence_repository_test.dart: InMemoryTelemetryEvidenceRepository tenant isolation: findBySetId returns empty for wrong org
00:29 +551 ~1 -5: C:/Projects/VeraProb/test/infrastructure/postgres/ledger_repository_postgres_test.dart: FASE 5 - Ledger Repository Postgres Tests (sla_audit_ledger) 1. Append entry (append-only via repository) works smoothly [E]
  PostgrestException(message: No suitable key or wrong key type, code: PGRST301, details: None of the keys was able to decode the JWT, hint: null)
  package:postgrest/src/postgrest_builder.dart 299:7   PostgrestBuilder._parseResponse
  package:postgrest/src/postgrest_builder.dart 174:14  PostgrestBuilder._execute
  
00:29 +551 ~1 -5: C:/Projects/VeraProb/test/infrastructure/sla_audit/telemetry_evidence_repository_test.dart: InMemoryTelemetryEvidenceRepository chain integrity holds across two saves
00:29 +552 ~1 -5: C:/Projects/VeraProb/test/infrastructure/postgres/ledger_repository_postgres_test.dart: FASE 5 - Ledger Repository Postgres Tests (sla_audit_ledger) 2. Monotonic ordering: sequential appends return ordered IDs
00:29 +552 ~1 -6: C:/Projects/VeraProb/test/infrastructure/postgres/ledger_repository_postgres_test.dart: FASE 5 - Ledger Repository Postgres Tests (sla_audit_ledger) 2. Monotonic ordering: sequential appends return ordered IDs [E]
  PostgrestException(message: No suitable key or wrong key type, code: PGRST301, details: None of the keys was able to decode the JWT, hint: null)
  package:postgrest/src/postgrest_builder.dart 299:7   PostgrestBuilder._parseResponse
  package:postgrest/src/postgrest_builder.dart 174:14  PostgrestBuilder._execute
  
00:29 +552 ~1 -6: C:/Projects/VeraProb/test/infrastructure/postgres/ledger_repository_postgres_test.dart: FASE 5 - Ledger Repository Postgres Tests (sla_audit_ledger) 3. DB Constraints: Cannot UPDATE a ledger entry
00:29 +552 ~1 -7: C:/Projects/VeraProb/test/infrastructure/postgres/ledger_repository_postgres_test.dart: FASE 5 - Ledger Repository Postgres Tests (sla_audit_ledger) 3. DB Constraints: Cannot UPDATE a ledger entry [E]
  PostgrestException(message: No suitable key or wrong key type, code: PGRST301, details: None of the keys was able to decode the JWT, hint: null)
  package:postgrest/src/postgrest_builder.dart 299:7   PostgrestBuilder._parseResponse
  package:postgrest/src/postgrest_builder.dart 174:14  PostgrestBuilder._execute
  
00:29 +552 ~1 -7: C:/Projects/VeraProb/test/infrastructure/postgres/ledger_repository_postgres_test.dart: FASE 5 - Ledger Repository Postgres Tests (sla_audit_ledger) 4. DB Constraints: Cannot DELETE a ledger entry
00:29 +552 ~1 -8: C:/Projects/VeraProb/test/infrastructure/postgres/ledger_repository_postgres_test.dart: FASE 5 - Ledger Repository Postgres Tests (sla_audit_ledger) 4. DB Constraints: Cannot DELETE a ledger entry [E]
  PostgrestException(message: No suitable key or wrong key type, code: PGRST301, details: None of the keys was able to decode the JWT, hint: null)
  package:postgrest/src/postgrest_builder.dart 299:7   PostgrestBuilder._parseResponse
  package:postgrest/src/postgrest_builder.dart 174:14  PostgrestBuilder._execute
  
00:29 +552 ~1 -8: C:/Projects/VeraProb/test/infrastructure/postgres/ledger_repository_postgres_test.dart: FASE 5 - Ledger Repository Postgres Tests (sla_audit_ledger) (tearDownAll)
00:29 +552 ~1 -8: C:/Projects/VeraProb/test/integration/query_services_integration_test.dart: Query Services Integration Consistency Engine -> Repo -> QueryService pipeline remains fully consistent
00:29 +553 ~1 -8: C:/Projects/VeraProb/test/presentation/sla_financial_impact_screen_test.dart: SlaFinancialImpactScreen renders 4 KPI cards with correct titles
00:30 +553 ~1 -8: C:/Projects/VeraProb/test/smoke/supabase_smoke_test.dart: Smoke 1: Fluxo B2B Completo (3.1ÔÇô3.7, 14.12) 1.1 ÔÇö Contrato criado com status draft
  Skip: Credenciais Supabase ausentes ÔÇö passe --dart-define=SUPABASE_URL=... SUPABASE_KEY=...
00:30 +553 ~2 -8: C:/Projects/VeraProb/test/presentation/sla_financial_impact_screen_test.dart: SlaFinancialImpactScreen renders 4 KPI cards with correct titles
00:30 +553 ~2 -8: C:/Projects/VeraProb/test/smoke/supabase_smoke_test.dart: Smoke 1: Fluxo B2B Completo (3.1ÔÇô3.7, 14.12) 1.2 ÔÇö Wizard B2B: plano declarado com VehicleCategory + 7 campos SLA
  Skip: Credenciais Supabase ausentes ÔÇö passe --dart-define=SUPABASE_URL=... SUPABASE_KEY=...
00:30 +553 ~3 -8: C:/Projects/VeraProb/test/presentation/sla_financial_impact_screen_test.dart: SlaFinancialImpactScreen renders 4 KPI cards with correct titles
00:30 +553 ~3 -8: C:/Projects/VeraProb/test/smoke/supabase_smoke_test.dart: Smoke 1: Fluxo B2B Completo (3.1ÔÇô3.7, 14.12) 1.3 ÔÇö Plano persistido no Supabase com vers├úo correta
  Skip: Credenciais Supabase ausentes ÔÇö passe --dart-define=SUPABASE_URL=... SUPABASE_KEY=...
00:30 +553 ~4 -8: C:/Projects/VeraProb/test/presentation/sla_financial_impact_screen_test.dart: SlaFinancialImpactScreen renders 4 KPI cards with correct titles
00:30 +554 ~4 -8: C:/Projects/VeraProb/test/presentation/sla_financial_impact_screen_test.dart: SlaFinancialImpactScreen renders 4 KPI cards with correct titles
00:30 +555 ~4 -8: C:/Projects/VeraProb/test/presentation/sla_financial_impact_screen_test.dart: SlaFinancialImpactScreen renders 4 KPI cards with correct titles
00:30 +556 ~4 -8: C:/Projects/VeraProb/test/presentation/sla_financial_impact_screen_test.dart: SlaFinancialImpactScreen renders 4 KPI cards with correct titles
00:30 +556 ~4 -8: C:/Projects/VeraProb/test/smoke/supabase_smoke_test.dart: Smoke 2: Integridade JSONB (7.4, 14.4) 2.4 ÔÇö [db] shift_patterns_payload persiste estrutura JSONB correta
  Skip: Credenciais Supabase ausentes.
00:30 +556 ~5 -8: C:/Projects/VeraProb/test/presentation/sla_financial_impact_screen_test.dart: SlaFinancialImpactScreen renders 4 KPI cards with correct titles
00:30 +556 ~5 -8: C:/Projects/VeraProb/test/smoke/supabase_smoke_test.dart: Smoke 2: Integridade JSONB (7.4, 14.4) 2.5 ÔÇö [db] organization_id em contracts corresponde ao tenant (Cen├írio 7.4)
  Skip: Credenciais Supabase ausentes.
00:30 +556 ~6 -8: C:/Projects/VeraProb/test/presentation/sla_financial_impact_screen_test.dart: SlaFinancialImpactScreen renders 4 KPI cards with correct titles
00:30 +556 ~6 -8: C:/Projects/VeraProb/test/smoke/supabase_smoke_test.dart: Smoke 3: Simulador de Telemetria (Cen├írio 6.1) 3.1 ÔÇö SET criado com status pending
  Skip: Credenciais Supabase ausentes.
00:30 +556 ~7 -8: C:/Projects/VeraProb/test/presentation/sla_financial_impact_screen_test.dart: SlaFinancialImpactScreen renders 4 KPI cards with correct titles
00:30 +556 ~7 -8: C:/Projects/VeraProb/test/smoke/supabase_smoke_test.dart: Smoke 3: Simulador de Telemetria (Cen├írio 6.1) 3.2 ÔÇö GPS na geofence ÔåÆ status = executed ap├│s dwell time satisfeito
  Skip: Credenciais Supabase ausentes.
00:30 +556 ~8 -8: C:/Projects/VeraProb/test/presentation/sla_financial_impact_screen_test.dart: SlaFinancialImpactScreen renders 4 KPI cards with correct titles
00:30 +556 ~8 -8: C:/Projects/VeraProb/test/smoke/supabase_smoke_test.dart: Smoke 5: Clone de Contrato + SLA Templates (5.11) 5.1 ÔÇö Clone cria draft com clonedFromContractId correto
  Skip: Credenciais Supabase ausentes.
00:30 +556 ~9 -8: C:/Projects/VeraProb/test/presentation/sla_financial_impact_screen_test.dart: SlaFinancialImpactScreen renders 4 KPI cards with correct titles
00:30 +556 ~9 -8: C:/Projects/VeraProb/test/smoke/supabase_smoke_test.dart: Smoke 5: Clone de Contrato + SLA Templates (5.11) 5.2 ÔÇö Clone cross-tenant rejeitado com DomainException
  Skip: Credenciais Supabase ausentes.
00:30 +556 ~10 -8: C:/Projects/VeraProb/test/presentation/sla_financial_impact_screen_test.dart: SlaFinancialImpactScreen renders 4 KPI cards with correct titles
00:30 +556 ~10 -8: C:/Projects/VeraProb/test/smoke/supabase_smoke_test.dart: Smoke 5: Clone de Contrato + SLA Templates (5.11) 5.3 ÔÇö [db] cloned_from_contract_id persistido no Supabase
  Skip: Credenciais Supabase ausentes.
00:30 +556 ~11 -8: C:/Projects/VeraProb/test/presentation/sla_financial_impact_screen_test.dart: SlaFinancialImpactScreen renders 4 KPI cards with correct titles
00:30 +556 ~11 -8: C:/Projects/VeraProb/test/smoke/supabase_smoke_test.dart: Smoke 5: Clone de Contrato + SLA Templates (5.11) 5.4 ÔÇö SlaTemplate save + findByOrganization round-trip
  Skip: Credenciais Supabase ausentes.
00:30 +556 ~12 -8: C:/Projects/VeraProb/test/presentation/sla_financial_impact_screen_test.dart: SlaFinancialImpactScreen renders 4 KPI cards with correct titles
00:30 +557 ~12 -8: C:/Projects/VeraProb/test/smoke/navigation_smoke_test.dart: Smoke 4: Regress├úo de Navega├º├úo (Cen├írio 14.11) 4.1 ÔÇö selectedId=null: exibe lista de contratos
00:30 +557 ~12 -8: C:/Projects/VeraProb/test/smoke/supabase_smoke_test.dart: Smoke 5: Clone de Contrato + SLA Templates (5.11) 5.5 ÔÇö [db] penalties_payload JSONB preserva todos os 7 campos SLA
  Skip: Credenciais Supabase ausentes.
00:30 +557 ~13 -8: C:/Projects/VeraProb/test/smoke/navigation_smoke_test.dart: Smoke 4: Regress├úo de Navega├º├úo (Cen├írio 14.11) 4.1 ÔÇö selectedId=null: exibe lista de contratos
00:30 +558 ~13 -8: C:/Projects/VeraProb/test/smoke/navigation_smoke_test.dart: Smoke 4: Regress├úo de Navega├º├úo (Cen├írio 14.11) 4.1 ÔÇö selectedId=null: exibe lista de contratos
00:30 +559 ~13 -8: C:/Projects/VeraProb/test/smoke/navigation_smoke_test.dart: Smoke 4: Regress├úo de Navega├º├úo (Cen├írio 14.11) 4.1 ÔÇö selectedId=null: exibe lista de contratos
00:30 +560 ~13 -8: C:/Projects/VeraProb/test/smoke/navigation_smoke_test.dart: Smoke 4: Regress├úo de Navega├º├úo (Cen├írio 14.11) 4.1 ÔÇö selectedId=null: exibe lista de contratos
00:30 +561 ~13 -8: C:/Projects/VeraProb/test/smoke/navigation_smoke_test.dart: Smoke 4: Regress├úo de Navega├º├úo (Cen├írio 14.11) 4.1 ÔÇö selectedId=null: exibe lista de contratos
00:31 +562 ~13 -8: C:/Projects/VeraProb/test/validation/phase5_4_validation_scenarios_test.dart: Cen├írio 5.1 ÔÇö Plano criado via UI gera PLAN_DECLARED no ledger 5.1.a: handler produz entrada PLAN_DECLARED id├¬ntica ao fluxo de API
00:31 +563 ~13 -8: C:/Projects/VeraProb/test/smoke/navigation_smoke_test.dart: Smoke 4: Regress├úo de Navega├º├úo (Cen├írio 14.11) 4.2 ÔÇö selectedIdÔëánull: redireciona imediatamente para ContractDetailScreen
00:31 +564 ~13 -8: C:/Projects/VeraProb/test/smoke/navigation_smoke_test.dart: Smoke 4: Regress├úo de Navega├º├úo (Cen├írio 14.11) 4.2 ÔÇö selectedIdÔëánull: redireciona imediatamente para ContractDetailScreen
00:31 +565 ~13 -8: C:/Projects/VeraProb/test/smoke/navigation_smoke_test.dart: Smoke 4: Regress├úo de Navega├º├úo (Cen├írio 14.11) 4.2 ÔÇö selectedIdÔëánull: redireciona imediatamente para ContractDetailScreen
00:31 +566 ~13 -8: C:/Projects/VeraProb/test/smoke/navigation_smoke_test.dart: Smoke 4: Regress├úo de Navega├º├úo (Cen├írio 14.11) 4.2 ÔÇö selectedIdÔëánull: redireciona imediatamente para ContractDetailScreen
00:31 +567 ~13 -8: C:/Projects/VeraProb/test/smoke/navigation_smoke_test.dart: Smoke 4: Regress├úo de Navega├º├úo (Cen├írio 14.11) 4.2 ÔÇö selectedIdÔëánull: redireciona imediatamente para ContractDetailScreen
00:31 +568 ~13 -8: C:/Projects/VeraProb/test/smoke/navigation_smoke_test.dart: Smoke 4: Regress├úo de Navega├º├úo (Cen├írio 14.11) 4.2 ÔÇö selectedIdÔëánull: redireciona imediatamente para ContractDetailScreen
00:31 +569 ~13 -8: C:/Projects/VeraProb/test/validation/phase5_4_validation_scenarios_test.dart: Cen├írio 5.3 ÔÇö Operador de Org A n├úo v├¬ contratos de Org B 5.3.b: ContractQueryServiceInMemory.listContracts isola por tenant
00:31 +570 ~13 -8: C:/Projects/VeraProb/test/smoke/navigation_smoke_test.dart: Smoke 4: Regress├úo de Navega├º├úo (Cen├írio 14.11) 4.3 ÔÇö Transi├º├úo din├ómica nullÔåÆID: ContractDetailScreen exibido ap├│s set
00:31 +571 ~13 -8: C:/Projects/VeraProb/test/smoke/navigation_smoke_test.dart: Smoke 4: Regress├úo de Navega├º├úo (Cen├írio 14.11) 4.3 ÔÇö Transi├º├úo din├ómica nullÔåÆID: ContractDetailScreen exibido ap├│s set
00:31 +572 ~13 -8: C:/Projects/VeraProb/test/smoke/navigation_smoke_test.dart: Smoke 4: Regress├úo de Navega├º├úo (Cen├írio 14.11) 4.3 ÔÇö Transi├º├úo din├ómica nullÔåÆID: ContractDetailScreen exibido ap├│s set
00:31 +573 ~13 -8: C:/Projects/VeraProb/test/smoke/navigation_smoke_test.dart: Smoke 4: Regress├úo de Navega├º├úo (Cen├írio 14.11) 4.3 ÔÇö Transi├º├úo din├ómica nullÔåÆID: ContractDetailScreen exibido ap├│s set
00:31 +574 ~13 -8: C:/Projects/VeraProb/test/smoke/navigation_smoke_test.dart: Smoke 4: Regress├úo de Navega├º├úo (Cen├írio 14.11) 4.3 ÔÇö Transi├º├úo din├ómica nullÔåÆID: ContractDetailScreen exibido ap├│s set
00:31 +575 ~13 -8: C:/Projects/VeraProb/test/smoke/navigation_smoke_test.dart: Smoke 4: Regress├úo de Navega├º├úo (Cen├írio 14.11) 4.3 ÔÇö Transi├º├úo din├ómica nullÔåÆID: ContractDetailScreen exibido ap├│s set
00:31 +576 ~13 -8: Some tests failed.
